Archive member included to satisfy reference by file (symbol)

C:/Users/iagoj/.pico-sdk/toolchain/13_3_Rel1/bin/../lib/gcc/arm-none-eabi/13.3.1/thumb/v6-m/nofp\libgcc.a(_dvmd_tls.o)
                              CMakeFiles/teclado_matricial.dir/C_/Users/iagoj/.pico-sdk/sdk/2.1.0/src/rp2_common/pico_divider/divider_hardware.S.obj (__aeabi_idiv0)
C:/Users/iagoj/.pico-sdk/toolchain/13_3_Rel1/bin/../lib/gcc/arm-none-eabi/13.3.1/thumb/v6-m/nofp\libg.a(libc_a-calloc.o)
                              CMakeFiles/teclado_matricial.dir/C_/Users/iagoj/.pico-sdk/sdk/2.1.0/src/rp2_common/pico_malloc/malloc.c.obj (calloc)
C:/Users/iagoj/.pico-sdk/toolchain/13_3_Rel1/bin/../lib/gcc/arm-none-eabi/13.3.1/thumb/v6-m/nofp\libg.a(libc_a-callocr.o)
                              C:/Users/iagoj/.pico-sdk/toolchain/13_3_Rel1/bin/../lib/gcc/arm-none-eabi/13.3.1/thumb/v6-m/nofp\libg.a(libc_a-calloc.o) (_calloc_r)
C:/Users/iagoj/.pico-sdk/toolchain/13_3_Rel1/bin/../lib/gcc/arm-none-eabi/13.3.1/thumb/v6-m/nofp\libg.a(libc_a-malloc.o)
                              CMakeFiles/teclado_matricial.dir/C_/Users/iagoj/.pico-sdk/sdk/2.1.0/src/rp2_common/pico_malloc/malloc.c.obj (malloc)
C:/Users/iagoj/.pico-sdk/toolchain/13_3_Rel1/bin/../lib/gcc/arm-none-eabi/13.3.1/thumb/v6-m/nofp\libg.a(libc_a-mallocr.o)
                              C:/Users/iagoj/.pico-sdk/toolchain/13_3_Rel1/bin/../lib/gcc/arm-none-eabi/13.3.1/thumb/v6-m/nofp\libg.a(libc_a-callocr.o) (_malloc_r)
C:/Users/iagoj/.pico-sdk/toolchain/13_3_Rel1/bin/../lib/gcc/arm-none-eabi/13.3.1/thumb/v6-m/nofp\libg.a(libc_a-mlock.o)
                              C:/Users/iagoj/.pico-sdk/toolchain/13_3_Rel1/bin/../lib/gcc/arm-none-eabi/13.3.1/thumb/v6-m/nofp\libg.a(libc_a-mallocr.o) (__malloc_lock)
C:/Users/iagoj/.pico-sdk/toolchain/13_3_Rel1/bin/../lib/gcc/arm-none-eabi/13.3.1/thumb/v6-m/nofp\libg.a(libc_a-realloc.o)
                              CMakeFiles/teclado_matricial.dir/C_/Users/iagoj/.pico-sdk/sdk/2.1.0/src/rp2_common/pico_malloc/malloc.c.obj (realloc)
C:/Users/iagoj/.pico-sdk/toolchain/13_3_Rel1/bin/../lib/gcc/arm-none-eabi/13.3.1/thumb/v6-m/nofp\libg.a(libc_a-reallocr.o)
                              C:/Users/iagoj/.pico-sdk/toolchain/13_3_Rel1/bin/../lib/gcc/arm-none-eabi/13.3.1/thumb/v6-m/nofp\libg.a(libc_a-realloc.o) (_realloc_r)
C:/Users/iagoj/.pico-sdk/toolchain/13_3_Rel1/bin/../lib/gcc/arm-none-eabi/13.3.1/thumb/v6-m/nofp\libg.a(libc_a-memcmp.o)
                              CMakeFiles/teclado_matricial.dir/C_/Users/iagoj/.pico-sdk/sdk/2.1.0/src/rp2_common/pico_atomic/atomic.c.obj (memcmp)
C:/Users/iagoj/.pico-sdk/toolchain/13_3_Rel1/bin/../lib/gcc/arm-none-eabi/13.3.1/thumb/v6-m/nofp\libg.a(libc_a-memmove.o)
                              CMakeFiles/teclado_matricial.dir/C_/Users/iagoj/.pico-sdk/sdk/2.1.0/lib/cyw43-driver/src/cyw43_ll.c.obj (memmove)
C:/Users/iagoj/.pico-sdk/toolchain/13_3_Rel1/bin/../lib/gcc/arm-none-eabi/13.3.1/thumb/v6-m/nofp\libg.a(libc_a-strncmp.o)
                              CMakeFiles/teclado_matricial.dir/C_/Users/iagoj/.pico-sdk/sdk/2.1.0/lib/cyw43-driver/src/cyw43_ll.c.obj (strncmp)
C:/Users/iagoj/.pico-sdk/toolchain/13_3_Rel1/bin/../lib/gcc/arm-none-eabi/13.3.1/thumb/v6-m/nofp\libg.a(libc_a-lcltime_r.o)
                              CMakeFiles/teclado_matricial.dir/C_/Users/iagoj/.pico-sdk/sdk/2.1.0/src/common/pico_util/datetime.c.obj (localtime_r)
C:/Users/iagoj/.pico-sdk/toolchain/13_3_Rel1/bin/../lib/gcc/arm-none-eabi/13.3.1/thumb/v6-m/nofp\libg.a(libc_a-mktime.o)
                              CMakeFiles/teclado_matricial.dir/C_/Users/iagoj/.pico-sdk/sdk/2.1.0/src/common/pico_util/datetime.c.obj (mktime)
C:/Users/iagoj/.pico-sdk/toolchain/13_3_Rel1/bin/../lib/gcc/arm-none-eabi/13.3.1/thumb/v6-m/nofp\libg.a(libc_a-month_lengths.o)
                              C:/Users/iagoj/.pico-sdk/toolchain/13_3_Rel1/bin/../lib/gcc/arm-none-eabi/13.3.1/thumb/v6-m/nofp\libg.a(libc_a-lcltime_r.o) (__month_lengths)
C:/Users/iagoj/.pico-sdk/toolchain/13_3_Rel1/bin/../lib/gcc/arm-none-eabi/13.3.1/thumb/v6-m/nofp\libg.a(libc_a-tzcalc_limits.o)
                              C:/Users/iagoj/.pico-sdk/toolchain/13_3_Rel1/bin/../lib/gcc/arm-none-eabi/13.3.1/thumb/v6-m/nofp\libg.a(libc_a-lcltime_r.o) (__tzcalc_limits)
C:/Users/iagoj/.pico-sdk/toolchain/13_3_Rel1/bin/../lib/gcc/arm-none-eabi/13.3.1/thumb/v6-m/nofp\libg.a(libc_a-tzlock.o)
                              C:/Users/iagoj/.pico-sdk/toolchain/13_3_Rel1/bin/../lib/gcc/arm-none-eabi/13.3.1/thumb/v6-m/nofp\libg.a(libc_a-lcltime_r.o) (__tz_lock)
C:/Users/iagoj/.pico-sdk/toolchain/13_3_Rel1/bin/../lib/gcc/arm-none-eabi/13.3.1/thumb/v6-m/nofp\libg.a(libc_a-tzset.o)
                              C:/Users/iagoj/.pico-sdk/toolchain/13_3_Rel1/bin/../lib/gcc/arm-none-eabi/13.3.1/thumb/v6-m/nofp\libg.a(libc_a-lcltime_r.o) (_tzset_unlocked)
C:/Users/iagoj/.pico-sdk/toolchain/13_3_Rel1/bin/../lib/gcc/arm-none-eabi/13.3.1/thumb/v6-m/nofp\libg.a(libc_a-tzset_r.o)
[...]
Memory Configuration

Name             Origin             Length             Attributes
FLASH            0x10000000         0x00200000         xr
RAM              0x20000000         0x00040000         xrw
SCRATCH_X        0x20040000         0x00001000         xrw
SCRATCH_Y        0x20041000         0x00001000         xrw
*default*        0x00000000         0xffffffff

Linker script and memory map

LOAD C:/Users/iagoj/.pico-sdk/toolchain/13_3_Rel1/bin/../lib/gcc/arm-none-eabi/13.3.1/thumb/v6-m/nofp/crti.o
LOAD C:/Users/iagoj/.pico-sdk/toolchain/13_3_Rel1/bin/../lib/gcc/arm-none-eabi/13.3.1/thumb/v6-m/nofp/crtbegin.o
LOAD C:/Users/iagoj/.pico-sdk/toolchain/13_3_Rel1/bin/../lib/gcc/arm-none-eabi/13.3.1/thumb/v6-m/nofp/crt0.o

.flash_begin    0x10000000        0x0
                0x10000000                        __flash_binary_start = .

.boot2          0x10000000      0x100
                0x10000000                        __boot2_start__ = .
 *(.boot2)
 .boot2         0x10000000      0x100 pico-sdk/src/rp2040/boot_stage2/CMakeFiles/bs2_default_library.dir/./bs2_default_padded_checksummed.S.obj
                0x10000100                        __boot2_end__ = .
                0x00000001                        ASSERT (((__boot2_end__ - __boot2_start__) == 0x100), ERROR: Pico second stage bootloader must be 256 bytes in size)

.text           0x10000100     0x4734
                0x10000100                        __logical_binary_start = .
 *(.vectors)
 .vectors       0x10000100       0xd4 CMakeFiles/teclado_matricial.dir/C_/Users/iagoj/.pico-sdk/sdk/2.1.0/src/rp2_common/pico_crt0/crt0.S.obj
                0x10000100                __VECTOR_TABLE
                0x10000100                __vectors
                0x100001c0                isr_invalid
                0x100001c0                __default_isrs_start
                0x100001c2                isr_nmi
                0x100001c4                isr_hardfault
                0x100001c6                isr_svcall
                0x100001c8                isr_pendsv
                0x100001ca                isr_systick
                0x100001cc                isr_irq23
                0x100001cc                isr_irq18
                0x100001cc                isr_irq11
                0x100001cc                isr_irq28
                0x100001cc                isr_irq19
                0x100001cc                isr_irq0
                0x100001cc                isr_irq6
                0x100001cc                isr_irq5
                0x100001cc                isr_irq12
                0x100001cc                isr_irq22
                0x100001cc                isr_irq31
                0x100001cc                isr_irq17
                0x100001cc                isr_irq27
                0x100001cc                isr_irq30
                0x100001cc                isr_irq2
                0x100001cc                isr_irq10
                0x100001cc                isr_irq8
                0x100001cc                isr_irq24
                0x100001cc                isr_irq1
                0x100001cc                isr_irq7
                0x100001cc                isr_irq21
                0x100001cc                isr_irq20
                0x100001cc                isr_irq15
                0x100001cc                isr_irq25
                0x100001cc                isr_irq13
                0x100001cc                __unhandled_user_irq
                0x100001cc                isr_irq4
                0x100001cc                isr_irq16
                0x100001cc                isr_irq29
                0x100001cc                isr_irq26
                0x100001cc                __default_isrs_end
                0x100001cc                isr_irq3
                0x100001cc                isr_irq14
                0x100001cc                isr_irq9
                0x100001d2                unhandled_user_irq_num_in_r0
 *(.binary_info_header)
 .binary_info_header
                0x100001d4       0x14 CMakeFiles/teclado_matricial.dir/C_/Users/iagoj/.pico-sdk/sdk/2.1.0/src/rp2_common/pico_crt0/crt0.S.obj
                0x100001e8                        __binary_info_header_end = .
 *(.embedded_block)
                0x100001e8                        __embedded_block_end = .
 *(.reset)
 .reset         0x100001e8       0x9c CMakeFiles/teclado_matricial.dir/C_/Users/iagoj/.pico-sdk/sdk/2.1.0/src/rp2_common/pico_crt0/crt0.S.obj
                0x100001e8                _entry_point
 *(.init)
 .init          0x10000284        0x4 C:/Users/iagoj/.pico-sdk/toolchain/13_3_Rel1/bin/../lib/gcc/arm-none-eabi/13.3.1/thumb/v6-m/nofp/crti.o
                0x10000284                _init
 *(EXCLUDE_FILE(*libm.a: *libc.a:*lib_a-mem*.o *libgcc.a:) .text*)
 .text.register_tm_clones
                0x10000288       0x28 C:/Users/iagoj/.pico-sdk/toolchain/13_3_Rel1/bin/../lib/gcc/arm-none-eabi/13.3.1/thumb/v6-m/nofp/crtbegin.o
 .text.frame_dummy
                0x100002b0       0x24 C:/Users/iagoj/.pico-sdk/toolchain/13_3_Rel1/bin/../lib/gcc/arm-none-eabi/13.3.1/thumb/v6-m/nofp/crtbegin.o
 .text.pico_keypad_init
                0x100002d4       0xe8 CMakeFiles/teclado_matricial.dir/teclado_matricial.c.obj
                0x100002d4                pico_keypad_init
 .text.pico_keypad_get_key
                0x100003bc       0xf4 CMakeFiles/teclado_matricial.dir/teclado_matricial.c.obj
                0x100003bc                pico_keypad_get_key
 .text.init_peripherals
                0x100004b0       0x90 CMakeFiles/teclado_matricial.dir/teclado_matricial.c.obj
                0x100004b0                init_peripherals
 .text.startup.main
                0x10000540       0xc4 CMakeFiles/teclado_matricial.dir/teclado_matricial.c.obj
                0x10000540                main
 .text.gpio_set_function
                0x10000604       0x34 CMakeFiles/teclado_matricial.dir/C_/Users/iagoj/.pico-sdk/sdk/2.1.0/src/rp2_common/hardware_gpio/gpio.c.obj
                0x10000604                gpio_set_function
 .text.gpio_init
                0x10000638       0x40 CMakeFiles/teclado_matricial.dir/C_/Users/iagoj/.pico-sdk/sdk/2.1.0/src/rp2_common/hardware_gpio/gpio.c.obj
                0x10000638                gpio_init
 .text.rp2040_chip_version
                0x10000678        0xc CMakeFiles/teclado_matricial.dir/C_/Users/iagoj/.pico-sdk/sdk/2.1.0/src/rp2040/pico_platform/platform.c.obj
                0x10000678                rp2040_chip_version
 .text.panic    0x10000684       0x30 CMakeFiles/teclado_matricial.dir/C_/Users/iagoj/.pico-sdk/sdk/2.1.0/src/rp2_common/pico_platform_panic/panic.c.obj
                0x10000684                panic
 .text.hw_claim_or_assert
                0x100006b4       0x44 CMakeFiles/teclado_matricial.dir/C_/Users/iagoj/.pico-sdk/sdk/2.1.0/src/common/hardware_claim/claim.c.obj
                0x100006b4                hw_claim_or_assert
 .text.hw_claim_unused_from_range
                0x100006f8       0x9c CMakeFiles/teclado_matricial.dir/C_/Users/iagoj/.pico-sdk/sdk/2.1.0/src/common/hardware_claim/claim.c.obj
                0x100006f8                hw_claim_unused_from_range
 .text.next_striped_spin_lock_num
                0x10000794       0x18 CMakeFiles/teclado_matricial.dir/C_/Users/iagoj/.pico-sdk/sdk/2.1.0/src/rp2_common/hardware_sync/sync.c.obj
                0x10000794                next_striped_spin_lock_num
 .text.spin_lock_claim_unused
                0x100007ac       0x24 CMakeFiles/teclado_matricial.dir/C_/Users/iagoj/.pico-sdk/sdk/2.1.0/src/rp2_common/hardware_sync/sync.c.obj
                0x100007ac                spin_lock_claim_unused
 .text.spin_locks_reset
                0x100007d0       0x1c CMakeFiles/teclado_matricial.dir/C_/Users/iagoj/.pico-sdk/sdk/2.1.0/src/rp2_common/hardware_sync_spin_lock/sync_spin_lock.c.obj
                0x100007d0                spin_locks_reset
 .text.runtime_init_per_core_irq_priorities
                0x100007ec       0x24 CMakeFiles/teclado_matricial.dir/C_/Users/iagoj/.pico-sdk/sdk/2.1.0/src/rp2_common/hardware_irq/irq.c.obj
                0x100007ec                runtime_init_per_core_irq_priorities
 .text.irq_set_enabled
                0x10000810       0x24 CMakeFiles/teclado_matricial.dir/C_/Users/iagoj/.pico-sdk/sdk/2.1.0/src/rp2_common/hardware_irq/irq.c.obj
                0x10000810                irq_set_enabled
 .text.irq_is_enabled
                0x10000834       0x18 CMakeFiles/teclado_matricial.dir/C_/Users/iagoj/.pico-sdk/sdk/2.1.0/src/rp2_common/hardware_irq/irq.c.obj
                0x10000834                irq_is_enabled
 .text.irq_set_pending
                0x1000084c       0x10 CMakeFiles/teclado_matricial.dir/C_/Users/iagoj/.pico-sdk/sdk/2.1.0/src/rp2_common/hardware_irq/irq.c.obj
                0x1000084c                irq_set_pending
 .text.irq_has_shared_handler
                0x1000085c       0x2c CMakeFiles/teclado_matricial.dir/C_/Users/iagoj/.pico-sdk/sdk/2.1.0/src/rp2_common/hardware_irq/irq.c.obj
                0x1000085c                irq_has_shared_handler
 .text.irq_set_exclusive_handler
                0x10000888       0x54 CMakeFiles/teclado_matricial.dir/C_/Users/iagoj/.pico-sdk/sdk/2.1.0/src/rp2_common/hardware_irq/irq.c.obj
                0x10000888                irq_set_exclusive_handler
 .text.irq_add_shared_handler
                0x100008dc      0x1f4 CMakeFiles/teclado_matricial.dir/C_/Users/iagoj/.pico-sdk/sdk/2.1.0/src/rp2_common/hardware_irq/irq.c.obj
                0x100008dc                irq_add_shared_handler
 .text.irq_add_tail_to_free_list
                0x10000ad0       0xb4 CMakeFiles/teclado_matricial.dir/C_/Users/iagoj/.pico-sdk/sdk/2.1.0/src/rp2_common/hardware_irq/irq.c.obj
                0x10000ad0                irq_add_tail_to_free_list
 .text.user_irq_claim_unused
                0x10000b84       0x2c CMakeFiles/teclado_matricial.dir/C_/Users/iagoj/.pico-sdk/sdk/2.1.0/src/rp2_common/hardware_irq/irq.c.obj
                0x10000b84                user_irq_claim_unused
 .text.lock_init
                0x10000bb0       0x10 CMakeFiles/teclado_matricial.dir/C_/Users/iagoj/.pico-sdk/sdk/2.1.0/src/common/pico_sync/lock_core.c.obj
                0x10000bb0                lock_init
 .text.runtime_init_mutex
                0x10000bc0       0x50 CMakeFiles/teclado_matricial.dir/C_/Users/iagoj/.pico-sdk/sdk/2.1.0/src/common/pico_sync/mutex.c.obj
                0x10000bc0                runtime_init_mutex
 .text.mutex_init
                0x10000c10       0x1c CMakeFiles/teclado_matricial.dir/C_/Users/iagoj/.pico-sdk/sdk/2.1.0/src/common/pico_sync/mutex.c.obj
                0x10000c10                mutex_init
 .text.critical_section_init
                0x10000c2c       0x1c CMakeFiles/teclado_matricial.dir/C_/Users/iagoj/.pico-sdk/sdk/2.1.0/src/common/pico_sync/critical_section.c.obj
                0x10000c2c                critical_section_init
 .text.critical_section_init_with_lock_num
                0x10000c48       0x14 CMakeFiles/teclado_matricial.dir/C_/Users/iagoj/.pico-sdk/sdk/2.1.0/src/common/pico_sync/critical_section.c.obj
                0x10000c48                critical_section_init_with_lock_num
 .text.sleep_until_callback
                0x10000c5c       0x30 CMakeFiles/teclado_matricial.dir/C_/Users/iagoj/.pico-sdk/sdk/2.1.0/src/common/pico_time/time.c.obj
 .text.alarm_pool_irq_handler
                0x10000c8c      0x2fc CMakeFiles/teclado_matricial.dir/C_/Users/iagoj/.pico-sdk/sdk/2.1.0/src/common/pico_time/time.c.obj
 .text.runtime_init_default_alarm_pool
                0x10000f88       0xdc CMakeFiles/teclado_matricial.dir/C_/Users/iagoj/.pico-sdk/sdk/2.1.0/src/common/pico_time/time.c.obj
                0x10000f88                runtime_init_default_alarm_pool
 .text.alarm_pool_get_default
                0x10001064        0x8 CMakeFiles/teclado_matricial.dir/C_/Users/iagoj/.pico-sdk/sdk/2.1.0/src/common/pico_time/time.c.obj
                0x10001064                alarm_pool_get_default
 .text.alarm_pool_add_alarm_at
                0x1000106c       0xd4 CMakeFiles/teclado_matricial.dir/C_/Users/iagoj/.pico-sdk/sdk/2.1.0/src/common/pico_time/time.c.obj
                0x1000106c                alarm_pool_add_alarm_at
 .text.alarm_pool_add_alarm_at_force_in_context
                0x10001140       0xb0 CMakeFiles/teclado_matricial.dir/C_/Users/iagoj/.pico-sdk/sdk/2.1.0/src/common/pico_time/time.c.obj
                0x10001140                alarm_pool_add_alarm_at_force_in_context
 .text.alarm_pool_cancel_alarm
                0x100011f0       0x74 CMakeFiles/teclado_matricial.dir/C_/Users/iagoj/.pico-sdk/sdk/2.1.0/src/common/pico_time/time.c.obj
                0x100011f0                alarm_pool_cancel_alarm
 .text.alarm_pool_core_num
                0x10001264        0x4 CMakeFiles/teclado_matricial.dir/C_/Users/iagoj/.pico-sdk/sdk/2.1.0/src/common/pico_time/time.c.obj
                0x10001264                alarm_pool_core_num
 .text.best_effort_wfe_or_timeout
                0x10001268       0xe0 CMakeFiles/teclado_matricial.dir/C_/Users/iagoj/.pico-sdk/sdk/2.1.0/src/common/pico_time/time.c.obj
                0x10001268                best_effort_wfe_or_timeout
 .text.timer_hardware_alarm_claim
                0x10001348       0x14 CMakeFiles/teclado_matricial.dir/C_/Users/iagoj/.pico-sdk/sdk/2.1.0/src/rp2_common/hardware_timer/timer.c.obj
                0x10001348                timer_hardware_alarm_claim
 .text.timer_time_us_64
                0x1000135c       0x10 CMakeFiles/teclado_matricial.dir/C_/Users/iagoj/.pico-sdk/sdk/2.1.0/src/rp2_common/hardware_timer/timer.c.obj
                0x1000135c                timer_time_us_64
 .text.time_us_64
                0x1000136c       0x14 CMakeFiles/teclado_matricial.dir/C_/Users/iagoj/.pico-sdk/sdk/2.1.0/src/rp2_common/hardware_timer/timer.c.obj
                0x1000136c                time_us_64
 .text.busy_wait_us
                0x10001380       0x68 CMakeFiles/teclado_matricial.dir/C_/Users/iagoj/.pico-sdk/sdk/2.1.0/src/rp2_common/hardware_timer/timer.c.obj
                0x10001380                busy_wait_us
 .text.clock_configure_int_divider
                0x100013e8       0xf4 CMakeFiles/teclado_matricial.dir/C_/Users/iagoj/.pico-sdk/sdk/2.1.0/src/rp2_common/hardware_clocks/clocks.c.obj
                0x100013e8                clock_configure_int_divider
 .text.clock_configure_undivided
                0x100014dc       0xe8 CMakeFiles/teclado_matricial.dir/C_/Users/iagoj/.pico-sdk/sdk/2.1.0/src/rp2_common/hardware_clocks/clocks.c.obj
                0x100014dc                clock_configure_undivided
 .text.clock_get_hz
                0x100015c4        0xc CMakeFiles/teclado_matricial.dir/C_/Users/iagoj/.pico-sdk/sdk/2.1.0/src/rp2_common/hardware_clocks/clocks.c.obj
                0x100015c4                clock_get_hz
 .text.pll_init
                0x100015d0       0xa4 CMakeFiles/teclado_matricial.dir/C_/Users/iagoj/.pico-sdk/sdk/2.1.0/src/rp2_common/hardware_pll/pll.c.obj
                0x100015d0                pll_init
 .text.watchdog_reboot
                0x10001674       0x9c CMakeFiles/teclado_matricial.dir/C_/Users/iagoj/.pico-sdk/sdk/2.1.0/src/rp2_common/hardware_watchdog/watchdog.c.obj
                0x10001674                watchdog_reboot
 .text.tick_start
                0x10001710       0x10 CMakeFiles/teclado_matricial.dir/C_/Users/iagoj/.pico-sdk/sdk/2.1.0/src/rp2_common/hardware_ticks/ticks.c.obj
                0x10001710                tick_start
 .text.rom_func_lookup
                0x10001720       0x10 CMakeFiles/teclado_matricial.dir/C_/Users/iagoj/.pico-sdk/sdk/2.1.0/src/rp2_common/pico_bootrom/bootrom.c.obj
                0x10001720                rom_func_lookup
 .text.rom_data_lookup
                0x10001730       0x10 CMakeFiles/teclado_matricial.dir/C_/Users/iagoj/.pico-sdk/sdk/2.1.0/src/rp2_common/pico_bootrom/bootrom.c.obj
                0x10001730                rom_data_lookup
 .text.rom_funcs_lookup
                0x10001740       0x44 CMakeFiles/teclado_matricial.dir/C_/Users/iagoj/.pico-sdk/sdk/2.1.0/src/rp2_common/pico_bootrom/bootrom.c.obj
                0x10001740                rom_funcs_lookup
 .text.rom_reset_usb_boot_extra
                0x10001784       0x28 CMakeFiles/teclado_matricial.dir/C_/Users/iagoj/.pico-sdk/sdk/2.1.0/src/rp2_common/pico_bootrom/bootrom.c.obj
                0x10001784                rom_reset_usb_boot_extra
 .text.xosc_init
                0x100017ac       0x28 CMakeFiles/teclado_matricial.dir/C_/Users/iagoj/.pico-sdk/sdk/2.1.0/src/rp2_common/hardware_xosc/xosc.c.obj
                0x100017ac                xosc_init
 .text.first_per_core_initializer
                0x100017d4        0x4 CMakeFiles/teclado_matricial.dir/C_/Users/iagoj/.pico-sdk/sdk/2.1.0/src/rp2_common/pico_runtime/runtime.c.obj
 .text.hard_assertion_failure
                0x100017d8        0xc CMakeFiles/teclado_matricial.dir/C_/Users/iagoj/.pico-sdk/sdk/2.1.0/src/rp2_common/pico_runtime/runtime.c.obj
                0x100017d8                hard_assertion_failure
 .text.runtime_run_initializers
                0x100017e4       0x28 CMakeFiles/teclado_matricial.dir/C_/Users/iagoj/.pico-sdk/sdk/2.1.0/src/rp2_common/pico_runtime/runtime.c.obj
                0x100017e4                runtime_run_initializers
 .text.runtime_init_early_resets
                0x1000180c       0x2c CMakeFiles/teclado_matricial.dir/C_/Users/iagoj/.pico-sdk/sdk/2.1.0/src/rp2_common/pico_runtime_init/runtime_init.c.obj
                0x1000180c                runtime_init_early_resets
 .text.runtime_init_usb_power_down
                0x10001838       0x1c CMakeFiles/teclado_matricial.dir/C_/Users/iagoj/.pico-sdk/sdk/2.1.0/src/rp2_common/pico_runtime_init/runtime_init.c.obj
                0x10001838                runtime_init_usb_power_down
 .text.runtime_init_post_clock_resets
                0x10001854       0x20 CMakeFiles/teclado_matricial.dir/C_/Users/iagoj/.pico-sdk/sdk/2.1.0/src/rp2_common/pico_runtime_init/runtime_init.c.obj
                0x10001854                runtime_init_post_clock_resets
 .text.runtime_init_rp2040_gpio_ie_disable
                0x10001874       0x14 CMakeFiles/teclado_matricial.dir/C_/Users/iagoj/.pico-sdk/sdk/2.1.0/src/rp2_common/pico_runtime_init/runtime_init.c.obj
                0x10001874                runtime_init_rp2040_gpio_ie_disable
 .text.runtime_init_spin_locks_reset
                0x10001888        0x8 CMakeFiles/teclado_matricial.dir/C_/Users/iagoj/.pico-sdk/sdk/2.1.0/src/rp2_common/pico_runtime_init/runtime_init.c.obj
                0x10001888                runtime_init_spin_locks_reset
 .text.runtime_init_install_ram_vector_table
                0x10001890       0x1c CMakeFiles/teclado_matricial.dir/C_/Users/iagoj/.pico-sdk/sdk/2.1.0/src/rp2_common/pico_runtime_init/runtime_init.c.obj
                0x10001890                runtime_init_install_ram_vector_table
 .text.runtime_init_clocks
                0x100018ac       0xd8 CMakeFiles/teclado_matricial.dir/C_/Users/iagoj/.pico-sdk/sdk/2.1.0/src/rp2_common/pico_runtime_init/runtime_init_clocks.c.obj
                0x100018ac                runtime_init_clocks
 .text          0x10001984       0x10 CMakeFiles/teclado_matricial.dir/C_/Users/iagoj/.pico-sdk/sdk/2.1.0/src/rp2_common/pico_bit_ops/bit_ops_aeabi.S.obj
 .text.__wrap___aeabi_uidiv
                0x10001994       0x4c CMakeFiles/teclado_matricial.dir/C_/Users/iagoj/.pico-sdk/sdk/2.1.0/src/rp2_common/pico_divider/divider_hardware.S.obj
                0x10001994                __wrap___aeabi_uidiv
                0x10001994                __wrap___aeabi_uidivmod
                0x10001994                div_u32u32
                0x10001994                divmod_u32u32
                0x1000199c                divmod_u32u32_unsafe
                0x100019c4                divmod_u32u32_savestate
 .text.missing_double_func_shim
                0x100019e0        0xc CMakeFiles/teclado_matricial.dir/C_/Users/iagoj/.pico-sdk/sdk/2.1.0/src/rp2_common/pico_double/double_init_rom_rp2040.c.obj
 .text.__aeabi_double_init
                0x100019ec       0xa0 CMakeFiles/teclado_matricial.dir/C_/Users/iagoj/.pico-sdk/sdk/2.1.0/src/rp2_common/pico_double/double_init_rom_rp2040.c.obj
                0x100019ec                __aeabi_double_init
 .text.double_table_shim_on_use_helper
                0x10001a8c       0x2c CMakeFiles/teclado_matricial.dir/C_/Users/iagoj/.pico-sdk/sdk/2.1.0/src/rp2_common/pico_double/double_v1_rom_shim_rp2040.S.obj
                0x10001a8c                double_table_shim_on_use_helper
 .text.__aeabi_lmul
                0x10001ab8       0x32 CMakeFiles/teclado_matricial.dir/C_/Users/iagoj/.pico-sdk/sdk/2.1.0/src/rp2_common/pico_int64_ops/pico_int64_ops_aeabi.S.obj
                0x10001ab8                __wrap___aeabi_lmul
 *fill*         0x10001aea        0x2 
 .text.__wrap___aeabi_farithmetic
                0x10001aec       0x48 CMakeFiles/teclado_matricial.dir/C_/Users/iagoj/.pico-sdk/sdk/2.1.0/src/rp2_common/pico_float/float_aeabi_rp2040.S.obj
                0x10001aec                __wrap___aeabi_frsub
                0x10001af2                __wrap___aeabi_fsub
                0x10001af8                __wrap___aeabi_fadd
                0x10001afe                __wrap___aeabi_fdiv
                0x10001b26                __wrap___aeabi_fmul
 .text.__wrap___aeabi_ui2f
                0x10001b34        0xa CMakeFiles/teclado_matricial.dir/C_/Users/iagoj/.pico-sdk/sdk/2.1.0/src/rp2_common/pico_float/float_aeabi_rp2040.S.obj
                0x10001b34                __wrap___aeabi_ui2f
                0x10001b34                uint2float
 *fill*         0x10001b3e        0x2 
 .text.__wrap___aeabi_i2f
                0x10001b40       0x44 CMakeFiles/teclado_matricial.dir/C_/Users/iagoj/.pico-sdk/sdk/2.1.0/src/rp2_common/pico_float/float_aeabi_rp2040.S.obj
                0x10001b40                __wrap___aeabi_i2f
                0x10001b40                int2float
 .text.__wrap___aeabi_f2uiz
                0x10001b84        0xc CMakeFiles/teclado_matricial.dir/C_/Users/iagoj/.pico-sdk/sdk/2.1.0/src/rp2_common/pico_float/float_aeabi_rp2040.S.obj
                0x10001b84                __wrap___aeabi_f2uiz
                0x10001b84                float2uint_z
 .text.missing_float_func_shim
                0x10001b90        0xc CMakeFiles/teclado_matricial.dir/C_/Users/iagoj/.pico-sdk/sdk/2.1.0/src/rp2_common/pico_float/float_init_rom_rp2040.c.obj
 .text.__aeabi_float_init
                0x10001b9c       0x5c CMakeFiles/teclado_matricial.dir/C_/Users/iagoj/.pico-sdk/sdk/2.1.0/src/rp2_common/pico_float/float_init_rom_rp2040.c.obj
                0x10001b9c                __aeabi_float_init
 .text          0x10001bf8       0x10 CMakeFiles/teclado_matricial.dir/C_/Users/iagoj/.pico-sdk/sdk/2.1.0/src/rp2_common/pico_mem_ops/mem_ops_aeabi.S.obj
                0x10001bf8                __aeabi_mem_init
 .text.memset   0x10001c08        0xc CMakeFiles/teclado_matricial.dir/C_/Users/iagoj/.pico-sdk/sdk/2.1.0/src/rp2_common/pico_mem_ops/mem_ops_aeabi.S.obj
                0x10001c08                __wrap_memset
 .text.memcpy   0x10001c14        0xc CMakeFiles/teclado_matricial.dir/C_/Users/iagoj/.pico-sdk/sdk/2.1.0/src/rp2_common/pico_mem_ops/mem_ops_aeabi.S.obj
                0x10001c14                __wrap_memcpy
                0x10001c14                __wrap___aeabi_memcpy
 .text._out_char
                0x10001c20       0x10 CMakeFiles/teclado_matricial.dir/C_/Users/iagoj/.pico-sdk/sdk/2.1.0/src/rp2_common/pico_printf/printf.c.obj
 .text.weak_raw_vprintf
                0x10001c30       0x30 CMakeFiles/teclado_matricial.dir/C_/Users/iagoj/.pico-sdk/sdk/2.1.0/src/rp2_common/pico_printf/printf.c.obj
                0x10001c30                weak_raw_vprintf
 .text._exit    0x10001c60        0x4 CMakeFiles/teclado_matricial.dir/C_/Users/iagoj/.pico-sdk/sdk/2.1.0/src/rp2_common/pico_clib_interface/newlib_interface.c.obj
                0x10001c60                _exit
 .text.exit     0x10001c64        0x8 CMakeFiles/teclado_matricial.dir/C_/Users/iagoj/.pico-sdk/sdk/2.1.0/src/rp2_common/pico_clib_interface/newlib_interface.c.obj
                0x10001c64                exit
 .text.runtime_init
                0x10001c6c       0x2c CMakeFiles/teclado_matricial.dir/C_/Users/iagoj/.pico-sdk/sdk/2.1.0/src/rp2_common/pico_clib_interface/newlib_interface.c.obj
                0x10001c6c                runtime_init
 .text.stdio_out_chars_no_crlf
                0x10001c98       0x10 CMakeFiles/teclado_matricial.dir/C_/Users/iagoj/.pico-sdk/sdk/2.1.0/src/rp2_common/pico_stdio/stdio.c.obj
 .text.stdio_out_chars_crlf
                0x10001ca8       0x94 CMakeFiles/teclado_matricial.dir/C_/Users/iagoj/.pico-sdk/sdk/2.1.0/src/rp2_common/pico_stdio/stdio.c.obj
 .text.stdio_put_string
                0x10001d3c      0x100 CMakeFiles/teclado_matricial.dir/C_/Users/iagoj/.pico-sdk/sdk/2.1.0/src/rp2_common/pico_stdio/stdio.c.obj
                0x10001d3c                stdio_put_string
 .text.stdio_set_driver_enabled
                0x10001e3c       0x30 CMakeFiles/teclado_matricial.dir/C_/Users/iagoj/.pico-sdk/sdk/2.1.0/src/rp2_common/pico_stdio/stdio.c.obj
                0x10001e3c                stdio_set_driver_enabled
 .text.stdio_init_all
                0x10001e6c        0x8 CMakeFiles/teclado_matricial.dir/C_/Users/iagoj/.pico-sdk/sdk/2.1.0/src/rp2_common/pico_stdio/stdio.c.obj
                0x10001e6c                stdio_init_all
 .text.__wrap_putchar
                0x10001e74       0x98 CMakeFiles/teclado_matricial.dir/C_/Users/iagoj/.pico-sdk/sdk/2.1.0/src/rp2_common/pico_stdio/stdio.c.obj
                0x10001e74                __wrap_putchar
                0x10001e74                stdio_putchar
 .text.__wrap_puts
                0x10001f0c       0x3c CMakeFiles/teclado_matricial.dir/C_/Users/iagoj/.pico-sdk/sdk/2.1.0/src/rp2_common/pico_stdio/stdio.c.obj
                0x10001f0c                stdio_puts
                0x10001f0c                __wrap_puts
 .text.resetd_init
                0x10001f48        0x4 CMakeFiles/teclado_matricial.dir/C_/Users/iagoj/.pico-sdk/sdk/2.1.0/src/rp2_common/pico_stdio_usb/reset_interface.c.obj
 .text.resetd_reset
                0x10001f4c        0xc CMakeFiles/teclado_matricial.dir/C_/Users/iagoj/.pico-sdk/sdk/2.1.0/src/rp2_common/pico_stdio_usb/reset_interface.c.obj
 .text.resetd_open
                0x10001f58       0x28 CMakeFiles/teclado_matricial.dir/C_/Users/iagoj/.pico-sdk/sdk/2.1.0/src/rp2_common/pico_stdio_usb/reset_interface.c.obj
 .text.resetd_xfer_cb
                0x10001f80        0x4 CMakeFiles/teclado_matricial.dir/C_/Users/iagoj/.pico-sdk/sdk/2.1.0/src/rp2_common/pico_stdio_usb/reset_interface.c.obj
 .text.resetd_control_xfer_cb
                0x10001f84       0x5c CMakeFiles/teclado_matricial.dir/C_/Users/iagoj/.pico-sdk/sdk/2.1.0/src/rp2_common/pico_stdio_usb/reset_interface.c.obj
 .text.tud_descriptor_bos_cb
                0x10001fe0        0x8 CMakeFiles/teclado_matricial.dir/C_/Users/iagoj/.pico-sdk/sdk/2.1.0/src/rp2_common/pico_stdio_usb/reset_interface.c.obj
                0x10001fe0                tud_descriptor_bos_cb
 .text.tud_vendor_control_xfer_cb
                0x10001fe8       0x34 CMakeFiles/teclado_matricial.dir/C_/Users/iagoj/.pico-sdk/sdk/2.1.0/src/rp2_common/pico_stdio_usb/reset_interface.c.obj
                0x10001fe8                tud_vendor_control_xfer_cb
 .text.usbd_app_driver_get_cb
                0x1000201c        0xc CMakeFiles/teclado_matricial.dir/C_/Users/iagoj/.pico-sdk/sdk/2.1.0/src/rp2_common/pico_stdio_usb/reset_interface.c.obj
                0x1000201c                usbd_app_driver_get_cb
 .text.tud_cdc_line_coding_cb
                0x10002028       0x2c CMakeFiles/teclado_matricial.dir/C_/Users/iagoj/.pico-sdk/sdk/2.1.0/src/rp2_common/pico_stdio_usb/reset_interface.c.obj
                0x10002028                tud_cdc_line_coding_cb
 .text.stdio_usb_set_chars_available_callback
                0x10002054       0x14 CMakeFiles/teclado_matricial.dir/C_/Users/iagoj/.pico-sdk/sdk/2.1.0/src/rp2_common/pico_stdio_usb/stdio_usb.c.obj
                0x10002054                stdio_usb_set_chars_available_callback
 .text.usb_irq  0x10002068       0x10 CMakeFiles/teclado_matricial.dir/C_/Users/iagoj/.pico-sdk/sdk/2.1.0/src/rp2_common/pico_stdio_usb/stdio_usb.c.obj
 .text.timer_task
                0x10002078       0x64 CMakeFiles/teclado_matricial.dir/C_/Users/iagoj/.pico-sdk/sdk/2.1.0/src/rp2_common/pico_stdio_usb/stdio_usb.c.obj
 .text.stdio_usb_in_chars
                0x100020dc       0x90 CMakeFiles/teclado_matricial.dir/C_/Users/iagoj/.pico-sdk/sdk/2.1.0/src/rp2_common/pico_stdio_usb/stdio_usb.c.obj
                0x100020dc                stdio_usb_in_chars
 .text.stdio_usb_out_flush
                0x1000216c       0x50 CMakeFiles/teclado_matricial.dir/C_/Users/iagoj/.pico-sdk/sdk/2.1.0/src/rp2_common/pico_stdio_usb/stdio_usb.c.obj
 .text.stdio_usb_out_chars
                0x100021bc      0x104 CMakeFiles/teclado_matricial.dir/C_/Users/iagoj/.pico-sdk/sdk/2.1.0/src/rp2_common/pico_stdio_usb/stdio_usb.c.obj
 .text.low_priority_worker_irq
                0x100022c0       0xcc CMakeFiles/teclado_matricial.dir/C_/Users/iagoj/.pico-sdk/sdk/2.1.0/src/rp2_common/pico_stdio_usb/stdio_usb.c.obj
 .text.stdio_usb_init
                0x1000238c       0xe8 CMakeFiles/teclado_matricial.dir/C_/Users/iagoj/.pico-sdk/sdk/2.1.0/src/rp2_common/pico_stdio_usb/stdio_usb.c.obj
                0x1000238c                stdio_usb_init
 .text.tud_descriptor_device_cb
                0x10002474        0x8 CMakeFiles/teclado_matricial.dir/C_/Users/iagoj/.pico-sdk/sdk/2.1.0/src/rp2_common/pico_stdio_usb/stdio_usb_descriptors.c.obj
                0x10002474                tud_descriptor_device_cb
 .text.tud_descriptor_configuration_cb
                0x1000247c        0x8 CMakeFiles/teclado_matricial.dir/C_/Users/iagoj/.pico-sdk/sdk/2.1.0/src/rp2_common/pico_stdio_usb/stdio_usb_descriptors.c.obj
                0x1000247c                tud_descriptor_configuration_cb
 .text.tud_descriptor_string_cb
                0x10002484       0x78 CMakeFiles/teclado_matricial.dir/C_/Users/iagoj/.pico-sdk/sdk/2.1.0/src/rp2_common/pico_stdio_usb/stdio_usb_descriptors.c.obj
                0x10002484                tud_descriptor_string_cb
 .text.startup._retrieve_unique_id_on_boot
                0x100024fc       0x10 CMakeFiles/teclado_matricial.dir/C_/Users/iagoj/.pico-sdk/sdk/2.1.0/src/rp2_common/pico_unique_id/unique_id.c.obj
 .text.pico_get_unique_board_id_string
                0x1000250c      0x1a8 CMakeFiles/teclado_matricial.dir/C_/Users/iagoj/.pico-sdk/sdk/2.1.0/src/rp2_common/pico_unique_id/unique_id.c.obj
                0x1000250c                pico_get_unique_board_id_string
 .text.flash_get_unique_id
                0x100026b4       0x3c CMakeFiles/teclado_matricial.dir/C_/Users/iagoj/.pico-sdk/sdk/2.1.0/src/rp2_common/hardware_flash/flash.c.obj
                0x100026b4                flash_get_unique_id
 .text.dcd_init
                0x100026f0       0x8c CMakeFiles/teclado_matricial.dir/C_/Users/iagoj/.pico-sdk/sdk/2.1.0/lib/tinyusb/src/portable/raspberrypi/rp2040/dcd_rp2040.c.obj
                0x100026f0                dcd_init
 .text.dcd_int_enable
                0x1000277c        0xc CMakeFiles/teclado_matricial.dir/C_/Users/iagoj/.pico-sdk/sdk/2.1.0/lib/tinyusb/src/portable/raspberrypi/rp2040/dcd_rp2040.c.obj
                0x1000277c                dcd_int_enable
 .text.dcd_set_address
                0x10002788       0x14 CMakeFiles/teclado_matricial.dir/C_/Users/iagoj/.pico-sdk/sdk/2.1.0/lib/tinyusb/src/portable/raspberrypi/rp2040/dcd_rp2040.c.obj
                0x10002788                dcd_set_address
 .text.dcd_sof_enable
                0x1000279c       0x1c CMakeFiles/teclado_matricial.dir/C_/Users/iagoj/.pico-sdk/sdk/2.1.0/lib/tinyusb/src/portable/raspberrypi/rp2040/dcd_rp2040.c.obj
                0x1000279c                dcd_sof_enable
 .text.dcd_edpt0_status_complete
                0x100027b8       0x1c CMakeFiles/teclado_matricial.dir/C_/Users/iagoj/.pico-sdk/sdk/2.1.0/lib/tinyusb/src/portable/raspberrypi/rp2040/dcd_rp2040.c.obj
                0x100027b8                dcd_edpt0_status_complete
 .text.dcd_edpt_open
                0x100027d4      0x108 CMakeFiles/teclado_matricial.dir/C_/Users/iagoj/.pico-sdk/sdk/2.1.0/lib/tinyusb/src/portable/raspberrypi/rp2040/dcd_rp2040.c.obj
                0x100027d4                dcd_edpt_open
 .text.dcd_edpt_close_all
                0x100028dc        0x8 CMakeFiles/teclado_matricial.dir/C_/Users/iagoj/.pico-sdk/sdk/2.1.0/lib/tinyusb/src/portable/raspberrypi/rp2040/dcd_rp2040.c.obj
                0x100028dc                dcd_edpt_close_all
 .text.dcd_edpt_xfer
                0x100028e4       0x24 CMakeFiles/teclado_matricial.dir/C_/Users/iagoj/.pico-sdk/sdk/2.1.0/lib/tinyusb/src/portable/raspberrypi/rp2040/dcd_rp2040.c.obj
                0x100028e4                dcd_edpt_xfer
 .text.dcd_edpt_stall
                0x10002908       0x34 CMakeFiles/teclado_matricial.dir/C_/Users/iagoj/.pico-sdk/sdk/2.1.0/lib/tinyusb/src/portable/raspberrypi/rp2040/dcd_rp2040.c.obj
                0x10002908                dcd_edpt_stall
 .text.dcd_edpt_clear_stall
                0x1000293c       0x30 CMakeFiles/teclado_matricial.dir/C_/Users/iagoj/.pico-sdk/sdk/2.1.0/lib/tinyusb/src/portable/raspberrypi/rp2040/dcd_rp2040.c.obj
                0x1000293c                dcd_edpt_clear_stall
 .text.rp2040_usb_init
                0x1000296c       0x40 CMakeFiles/teclado_matricial.dir/C_/Users/iagoj/.pico-sdk/sdk/2.1.0/lib/tinyusb/src/portable/raspberrypi/rp2040/rp2040_usb.c.obj
                0x1000296c                rp2040_usb_init
 .text.hw_endpoint_xfer_start
                0x100029ac       0x40 CMakeFiles/teclado_matricial.dir/C_/Users/iagoj/.pico-sdk/sdk/2.1.0/lib/tinyusb/src/portable/raspberrypi/rp2040/rp2040_usb.c.obj
                0x100029ac                hw_endpoint_xfer_start
 .text.tud_event_hook_cb
                0x100029ec        0x4 CMakeFiles/teclado_matricial.dir/C_/Users/iagoj/.pico-sdk/sdk/2.1.0/lib/tinyusb/src/device/usbd.c.obj
                0x100029ec                tud_event_hook_cb
 .text.tud_sof_cb
                0x100029f0        0x4 CMakeFiles/teclado_matricial.dir/C_/Users/iagoj/.pico-sdk/sdk/2.1.0/lib/tinyusb/src/device/usbd.c.obj
                0x100029f0                tud_sof_cb
 .text.tud_descriptor_device_qualifier_cb
                0x100029f4        0x4 CMakeFiles/teclado_matricial.dir/C_/Users/iagoj/.pico-sdk/sdk/2.1.0/lib/tinyusb/src/device/usbd.c.obj
                0x100029f4                tud_descriptor_device_qualifier_cb
 .text.tud_descriptor_other_speed_configuration_cb
                0x100029f8        0x4 CMakeFiles/teclado_matricial.dir/C_/Users/iagoj/.pico-sdk/sdk/2.1.0/lib/tinyusb/src/device/usbd.c.obj
                0x100029f8                tud_descriptor_other_speed_configuration_cb
 .text.tud_mount_cb
                0x100029fc        0x4 CMakeFiles/teclado_matricial.dir/C_/Users/iagoj/.pico-sdk/sdk/2.1.0/lib/tinyusb/src/device/usbd.c.obj
                0x100029fc                tud_mount_cb
 .text.tud_umount_cb
                0x10002a00        0x4 CMakeFiles/teclado_matricial.dir/C_/Users/iagoj/.pico-sdk/sdk/2.1.0/lib/tinyusb/src/device/usbd.c.obj
                0x10002a00                tud_umount_cb
 .text.tud_suspend_cb
                0x10002a04        0x4 CMakeFiles/teclado_matricial.dir/C_/Users/iagoj/.pico-sdk/sdk/2.1.0/lib/tinyusb/src/device/usbd.c.obj
                0x10002a04                tud_suspend_cb
 .text.tud_resume_cb
                0x10002a08        0x4 CMakeFiles/teclado_matricial.dir/C_/Users/iagoj/.pico-sdk/sdk/2.1.0/lib/tinyusb/src/device/usbd.c.obj
                0x10002a08                tud_resume_cb
 .text.tud_mounted
                0x10002a0c       0x10 CMakeFiles/teclado_matricial.dir/C_/Users/iagoj/.pico-sdk/sdk/2.1.0/lib/tinyusb/src/device/usbd.c.obj
                0x10002a0c                tud_mounted
 .text.tud_suspended
                0x10002a1c       0x10 CMakeFiles/teclado_matricial.dir/C_/Users/iagoj/.pico-sdk/sdk/2.1.0/lib/tinyusb/src/device/usbd.c.obj
                0x10002a1c                tud_suspended
 .text.tud_init
                0x10002a2c       0xe4 CMakeFiles/teclado_matricial.dir/C_/Users/iagoj/.pico-sdk/sdk/2.1.0/lib/tinyusb/src/device/usbd.c.obj
                0x10002a2c                tud_init
 .text.tud_task_ext
                0x10002b10      0x800 CMakeFiles/teclado_matricial.dir/C_/Users/iagoj/.pico-sdk/sdk/2.1.0/lib/tinyusb/src/device/usbd.c.obj
                0x10002b10                tud_task_ext
 .text.usbd_open_edpt_pair
                0x10003310       0x9c CMakeFiles/teclado_matricial.dir/C_/Users/iagoj/.pico-sdk/sdk/2.1.0/lib/tinyusb/src/device/usbd.c.obj
                0x10003310                usbd_open_edpt_pair
 .text.usbd_edpt_open
                0x100033ac       0x34 CMakeFiles/teclado_matricial.dir/C_/Users/iagoj/.pico-sdk/sdk/2.1.0/lib/tinyusb/src/device/usbd.c.obj
                0x100033ac                usbd_edpt_open
 .text.usbd_edpt_claim
                0x100033e0       0x28 CMakeFiles/teclado_matricial.dir/C_/Users/iagoj/.pico-sdk/sdk/2.1.0/lib/tinyusb/src/device/usbd.c.obj
                0x100033e0                usbd_edpt_claim
 .text.usbd_edpt_release
                0x10003408       0x28 CMakeFiles/teclado_matricial.dir/C_/Users/iagoj/.pico-sdk/sdk/2.1.0/lib/tinyusb/src/device/usbd.c.obj
                0x10003408                usbd_edpt_release
 .text.usbd_edpt_xfer
                0x10003430       0x4c CMakeFiles/teclado_matricial.dir/C_/Users/iagoj/.pico-sdk/sdk/2.1.0/lib/tinyusb/src/device/usbd.c.obj
                0x10003430                usbd_edpt_xfer
 .text.tud_control_status
                0x1000347c       0x2c CMakeFiles/teclado_matricial.dir/C_/Users/iagoj/.pico-sdk/sdk/2.1.0/lib/tinyusb/src/device/usbd_control.c.obj
                0x1000347c                tud_control_status
 .text.tud_control_xfer
                0x100034a8       0xac CMakeFiles/teclado_matricial.dir/C_/Users/iagoj/.pico-sdk/sdk/2.1.0/lib/tinyusb/src/device/usbd_control.c.obj
                0x100034a8                tud_control_xfer
 .text.usbd_control_reset
                0x10003554       0x14 CMakeFiles/teclado_matricial.dir/C_/Users/iagoj/.pico-sdk/sdk/2.1.0/lib/tinyusb/src/device/usbd_control.c.obj
                0x10003554                usbd_control_reset
 .text.usbd_control_set_complete_callback
                0x10003568        0xc CMakeFiles/teclado_matricial.dir/C_/Users/iagoj/.pico-sdk/sdk/2.1.0/lib/tinyusb/src/device/usbd_control.c.obj
                0x10003568                usbd_control_set_complete_callback
 .text.usbd_control_set_request
                0x10003574       0x1c CMakeFiles/teclado_matricial.dir/C_/Users/iagoj/.pico-sdk/sdk/2.1.0/lib/tinyusb/src/device/usbd_control.c.obj
                0x10003574                usbd_control_set_request
 .text.usbd_control_xfer_cb
                0x10003590       0xec CMakeFiles/teclado_matricial.dir/C_/Users/iagoj/.pico-sdk/sdk/2.1.0/lib/tinyusb/src/device/usbd_control.c.obj
                0x10003590                usbd_control_xfer_cb
 .text._prep_out_transaction.isra.0
                0x1000367c       0x5c CMakeFiles/teclado_matricial.dir/C_/Users/iagoj/.pico-sdk/sdk/2.1.0/lib/tinyusb/src/class/cdc/cdc_device.c.obj
 .text.tud_cdc_n_connected
                0x100036d8       0x30 CMakeFiles/teclado_matricial.dir/C_/Users/iagoj/.pico-sdk/sdk/2.1.0/lib/tinyusb/src/class/cdc/cdc_device.c.obj
                0x100036d8                tud_cdc_n_connected
 .text.tud_cdc_n_available
                0x10003708       0x18 CMakeFiles/teclado_matricial.dir/C_/Users/iagoj/.pico-sdk/sdk/2.1.0/lib/tinyusb/src/class/cdc/cdc_device.c.obj
                0x10003708                tud_cdc_n_available
 .text.tud_cdc_n_read
                0x10003720       0x98 CMakeFiles/teclado_matricial.dir/C_/Users/iagoj/.pico-sdk/sdk/2.1.0/lib/tinyusb/src/class/cdc/cdc_device.c.obj
                0x10003720                tud_cdc_n_read
 .text.tud_cdc_n_write_flush
                0x100037b8       0x78 CMakeFiles/teclado_matricial.dir/C_/Users/iagoj/.pico-sdk/sdk/2.1.0/lib/tinyusb/src/class/cdc/cdc_device.c.obj
                0x100037b8                tud_cdc_n_write_flush
 .text.tud_cdc_n_write
                0x10003830       0x40 CMakeFiles/teclado_matricial.dir/C_/Users/iagoj/.pico-sdk/sdk/2.1.0/lib/tinyusb/src/class/cdc/cdc_device.c.obj
                0x10003830                tud_cdc_n_write
 .text.tud_cdc_n_write_available
                0x10003870       0x18 CMakeFiles/teclado_matricial.dir/C_/Users/iagoj/.pico-sdk/sdk/2.1.0/lib/tinyusb/src/class/cdc/cdc_device.c.obj
                0x10003870                tud_cdc_n_write_available
 .text.cdcd_init
                0x10003888       0x7c CMakeFiles/teclado_matricial.dir/C_/Users/iagoj/.pico-sdk/sdk/2.1.0/lib/tinyusb/src/class/cdc/cdc_device.c.obj
                0x10003888                cdcd_init
 .text.cdcd_deinit
                0x10003904       0x34 CMakeFiles/teclado_matricial.dir/C_/Users/iagoj/.pico-sdk/sdk/2.1.0/lib/tinyusb/src/class/cdc/cdc_device.c.obj
                0x10003904                cdcd_deinit
 .text.cdcd_reset
                0x10003938       0x4c CMakeFiles/teclado_matricial.dir/C_/Users/iagoj/.pico-sdk/sdk/2.1.0/lib/tinyusb/src/class/cdc/cdc_device.c.obj
                0x10003938                cdcd_reset
 .text.cdcd_open
                0x10003984       0xb0 CMakeFiles/teclado_matricial.dir/C_/Users/iagoj/.pico-sdk/sdk/2.1.0/lib/tinyusb/src/class/cdc/cdc_device.c.obj
                0x10003984                cdcd_open
 .text.cdcd_control_xfer_cb
                0x10003a34       0xe4 CMakeFiles/teclado_matricial.dir/C_/Users/iagoj/.pico-sdk/sdk/2.1.0/lib/tinyusb/src/class/cdc/cdc_device.c.obj
                0x10003a34                cdcd_control_xfer_cb
 .text.cdcd_xfer_cb
                0x10003b18      0x100 CMakeFiles/teclado_matricial.dir/C_/Users/iagoj/.pico-sdk/sdk/2.1.0/lib/tinyusb/src/class/cdc/cdc_device.c.obj
                0x10003b18                cdcd_xfer_cb
 .text.vendord_init
                0x10003c18       0x5c CMakeFiles/teclado_matricial.dir/C_/Users/iagoj/.pico-sdk/sdk/2.1.0/lib/tinyusb/src/class/vendor/vendor_device.c.obj
                0x10003c18                vendord_init
 .text.vendord_deinit
                0x10003c74       0x1c CMakeFiles/teclado_matricial.dir/C_/Users/iagoj/.pico-sdk/sdk/2.1.0/lib/tinyusb/src/class/vendor/vendor_device.c.obj
                0x10003c74                vendord_deinit
 .text.vendord_reset
                0x10003c90       0x20 CMakeFiles/teclado_matricial.dir/C_/Users/iagoj/.pico-sdk/sdk/2.1.0/lib/tinyusb/src/class/vendor/vendor_device.c.obj
                0x10003c90                vendord_reset
 .text.vendord_open
                0x10003cb0      0x138 CMakeFiles/teclado_matricial.dir/C_/Users/iagoj/.pico-sdk/sdk/2.1.0/lib/tinyusb/src/class/vendor/vendor_device.c.obj
                0x10003cb0                vendord_open
 .text.vendord_xfer_cb
                0x10003de8       0x9c CMakeFiles/teclado_matricial.dir/C_/Users/iagoj/.pico-sdk/sdk/2.1.0/lib/tinyusb/src/class/vendor/vendor_device.c.obj
                0x10003de8                vendord_xfer_cb
 .text.tusb_init
                0x10003e84        0xc CMakeFiles/teclado_matricial.dir/C_/Users/iagoj/.pico-sdk/sdk/2.1.0/lib/tinyusb/src/tusb.c.obj
                0x10003e84                tusb_init
 .text.tu_edpt_claim
                0x10003e90       0x50 CMakeFiles/teclado_matricial.dir/C_/Users/iagoj/.pico-sdk/sdk/2.1.0/lib/tinyusb/src/tusb.c.obj
                0x10003e90                tu_edpt_claim
 .text.tu_edpt_release
                0x10003ee0       0x38 CMakeFiles/teclado_matricial.dir/C_/Users/iagoj/.pico-sdk/sdk/2.1.0/lib/tinyusb/src/tusb.c.obj
                0x10003ee0                tu_edpt_release
 .text.tu_edpt_validate
                0x10003f18       0x7c CMakeFiles/teclado_matricial.dir/C_/Users/iagoj/.pico-sdk/sdk/2.1.0/lib/tinyusb/src/tusb.c.obj
                0x10003f18                tu_edpt_validate
 .text.tu_edpt_bind_driver
                0x10003f94       0x34 CMakeFiles/teclado_matricial.dir/C_/Users/iagoj/.pico-sdk/sdk/2.1.0/lib/tinyusb/src/tusb.c.obj
                0x10003f94                tu_edpt_bind_driver
 .text.tu_edpt_stream_init
                0x10003fc8       0x6c CMakeFiles/teclado_matricial.dir/C_/Users/iagoj/.pico-sdk/sdk/2.1.0/lib/tinyusb/src/tusb.c.obj
                0x10003fc8                tu_edpt_stream_init
 .text.tu_edpt_stream_deinit
                0x10004034        0x4 CMakeFiles/teclado_matricial.dir/C_/Users/iagoj/.pico-sdk/sdk/2.1.0/lib/tinyusb/src/tusb.c.obj
                0x10004034                tu_edpt_stream_deinit
 .text.tu_edpt_stream_write_zlp_if_needed
                0x10004038       0x68 CMakeFiles/teclado_matricial.dir/C_/Users/iagoj/.pico-sdk/sdk/2.1.0/lib/tinyusb/src/tusb.c.obj
                0x10004038                tu_edpt_stream_write_zlp_if_needed
 .text.tu_edpt_stream_write_xfer
                0x100040a0       0x64 CMakeFiles/teclado_matricial.dir/C_/Users/iagoj/.pico-sdk/sdk/2.1.0/lib/tinyusb/src/tusb.c.obj
                0x100040a0                tu_edpt_stream_write_xfer
 .text.tu_edpt_stream_read_xfer
                0x10004104       0xdc CMakeFiles/teclado_matricial.dir/C_/Users/iagoj/.pico-sdk/sdk/2.1.0/lib/tinyusb/src/tusb.c.obj
                0x10004104                tu_edpt_stream_read_xfer
 .text.tu_fifo_config
                0x100041e0       0x6c CMakeFiles/teclado_matricial.dir/C_/Users/iagoj/.pico-sdk/sdk/2.1.0/lib/tinyusb/src/common/tusb_fifo.c.obj
                0x100041e0                tu_fifo_config
 .text.tu_fifo_count
                0x1000424c       0x2c CMakeFiles/teclado_matricial.dir/C_/Users/iagoj/.pico-sdk/sdk/2.1.0/lib/tinyusb/src/common/tusb_fifo.c.obj
                0x1000424c                tu_fifo_count
 .text.tu_fifo_empty
                0x10004278       0x10 CMakeFiles/teclado_matricial.dir/C_/Users/iagoj/.pico-sdk/sdk/2.1.0/lib/tinyusb/src/common/tusb_fifo.c.obj
                0x10004278                tu_fifo_empty
 .text.tu_fifo_remaining
                0x10004288       0x2c CMakeFiles/teclado_matricial.dir/C_/Users/iagoj/.pico-sdk/sdk/2.1.0/lib/tinyusb/src/common/tusb_fifo.c.obj
                0x10004288                tu_fifo_remaining
 .text.tu_fifo_read
                0x100042b4       0x9c CMakeFiles/teclado_matricial.dir/C_/Users/iagoj/.pico-sdk/sdk/2.1.0/lib/tinyusb/src/common/tusb_fifo.c.obj
                0x100042b4                tu_fifo_read
 .text.tu_fifo_read_n
                0x10004350       0xe8 CMakeFiles/teclado_matricial.dir/C_/Users/iagoj/.pico-sdk/sdk/2.1.0/lib/tinyusb/src/common/tusb_fifo.c.obj
                0x10004350                tu_fifo_read_n
 .text.tu_fifo_write
                0x10004438       0xa8 CMakeFiles/teclado_matricial.dir/C_/Users/iagoj/.pico-sdk/sdk/2.1.0/lib/tinyusb/src/common/tusb_fifo.c.obj
                0x10004438                tu_fifo_write
 .text.tu_fifo_write_n
                0x100044e0      0x178 CMakeFiles/teclado_matricial.dir/C_/Users/iagoj/.pico-sdk/sdk/2.1.0/lib/tinyusb/src/common/tusb_fifo.c.obj
                0x100044e0                tu_fifo_write_n
 .text.tu_fifo_clear
                0x10004658       0x40 CMakeFiles/teclado_matricial.dir/C_/Users/iagoj/.pico-sdk/sdk/2.1.0/lib/tinyusb/src/common/tusb_fifo.c.obj
                0x10004658                tu_fifo_clear
 .text.tu_fifo_set_overwritable
                0x10004698       0x48 CMakeFiles/teclado_matricial.dir/C_/Users/iagoj/.pico-sdk/sdk/2.1.0/lib/tinyusb/src/common/tusb_fifo.c.obj
                0x10004698                tu_fifo_set_overwritable
 .text.strlen   0x100046e0       0x5c C:/Users/iagoj/.pico-sdk/toolchain/13_3_Rel1/bin/../lib/gcc/arm-none-eabi/13.3.1/thumb/v6-m/nofp\libg.a(libc_a-strlen-stub.o)
                0x100046e0                strlen
 *(.fini)
 .fini          0x1000473c        0x4 C:/Users/iagoj/.pico-sdk/toolchain/13_3_Rel1/bin/../lib/gcc/arm-none-eabi/13.3.1/thumb/v6-m/nofp/crti.o
                0x1000473c                _fini
 .fini.__stub   0x10004740       0xb0 linker stubs
 *crtbegin.o(.ctors)
 *crtbegin?.o(.ctors)
 *(EXCLUDE_FILE(*crtend.o *crtend?.o) .ctors)
 *(SORT_BY_NAME(.ctors.*))
 *(.ctors)
 *crtbegin.o(.dtors)
 *crtbegin?.o(.dtors)
 *(EXCLUDE_FILE(*crtend.o *crtend?.o) .dtors)
 *(SORT_BY_NAME(.dtors.*))
 *(.dtors)
                0x100047f0                        . = ALIGN (0x4)
                0x100047f0                        PROVIDE (__preinit_array_start = .)
 *(SORT_BY_NAME(.preinit_array.*))
 .preinit_array.00100
                0x100047f0        0x4 CMakeFiles/teclado_matricial.dir/C_/Users/iagoj/.pico-sdk/sdk/2.1.0/src/rp2_common/pico_runtime_init/runtime_init.c.obj
                0x100047f0                __pre_init_runtime_init_early_resets
 .preinit_array.00101
                0x100047f4        0x4 CMakeFiles/teclado_matricial.dir/C_/Users/iagoj/.pico-sdk/sdk/2.1.0/src/rp2_common/pico_runtime_init/runtime_init.c.obj
                0x100047f4                __pre_init_runtime_init_usb_power_down
 .preinit_array.00275
                0x100047f8        0x4 CMakeFiles/teclado_matricial.dir/C_/Users/iagoj/.pico-sdk/sdk/2.1.0/src/rp2_common/pico_bit_ops/bit_ops_aeabi.S.obj
 .preinit_array.00300
                0x100047fc        0x4 CMakeFiles/teclado_matricial.dir/C_/Users/iagoj/.pico-sdk/sdk/2.1.0/src/rp2_common/pico_mem_ops/mem_ops_aeabi.S.obj
 .preinit_array.00350
                0x10004800        0x4 CMakeFiles/teclado_matricial.dir/C_/Users/iagoj/.pico-sdk/sdk/2.1.0/src/rp2_common/pico_double/double_aeabi_rp2040.S.obj
 .preinit_array.00350
                0x10004804        0x4 CMakeFiles/teclado_matricial.dir/C_/Users/iagoj/.pico-sdk/sdk/2.1.0/src/rp2_common/pico_float/float_aeabi_rp2040.S.obj
 .preinit_array.00500
                0x10004808        0x4 CMakeFiles/teclado_matricial.dir/C_/Users/iagoj/.pico-sdk/sdk/2.1.0/src/rp2_common/pico_runtime_init/runtime_init.c.obj
                0x10004808                __pre_init_runtime_init_clocks
 .preinit_array.00600
                0x1000480c        0x4 CMakeFiles/teclado_matricial.dir/C_/Users/iagoj/.pico-sdk/sdk/2.1.0/src/rp2_common/pico_runtime_init/runtime_init.c.obj
                0x1000480c                __pre_init_runtime_init_post_clock_resets
 .preinit_array.00700
                0x10004810        0x4 CMakeFiles/teclado_matricial.dir/C_/Users/iagoj/.pico-sdk/sdk/2.1.0/src/rp2_common/pico_runtime_init/runtime_init.c.obj
                0x10004810                __pre_init_runtime_init_rp2040_gpio_ie_disable
 .preinit_array.01000
                0x10004814        0x4 CMakeFiles/teclado_matricial.dir/C_/Users/iagoj/.pico-sdk/sdk/2.1.0/src/rp2_common/pico_runtime_init/runtime_init.c.obj
                0x10004814                __pre_init_runtime_init_spin_locks_reset
 .preinit_array.01100
                0x10004818        0x4 CMakeFiles/teclado_matricial.dir/C_/Users/iagoj/.pico-sdk/sdk/2.1.0/src/common/pico_sync/mutex.c.obj
                0x10004818                __pre_init_runtime_init_mutex
 .preinit_array.10080
                0x1000481c        0x4 CMakeFiles/teclado_matricial.dir/C_/Users/iagoj/.pico-sdk/sdk/2.1.0/src/rp2_common/pico_runtime_init/runtime_init.c.obj
                0x1000481c                __pre_init_runtime_init_install_ram_vector_table
 .preinit_array.11000
                0x10004820        0x4 CMakeFiles/teclado_matricial.dir/C_/Users/iagoj/.pico-sdk/sdk/2.1.0/src/common/pico_time/time.c.obj
                0x10004820                __pre_init_runtime_init_default_alarm_pool
 .preinit_array.YYYYY
                0x10004824        0x4 CMakeFiles/teclado_matricial.dir/C_/Users/iagoj/.pico-sdk/sdk/2.1.0/src/rp2_common/pico_runtime/runtime.c.obj
                0x10004824                __pre_init_first_per_core_initializer
 .preinit_array.ZZZZZ.01200
                0x10004828        0x4 CMakeFiles/teclado_matricial.dir/C_/Users/iagoj/.pico-sdk/sdk/2.1.0/src/rp2_common/hardware_irq/irq.c.obj
                0x10004828                __pre_init_runtime_init_per_core_irq_priorities
 *(.preinit_array)
                0x1000482c                        PROVIDE (__preinit_array_end = .)
                0x1000482c                        . = ALIGN (0x4)
                0x1000482c                        PROVIDE (__init_array_start = .)
 *(SORT_BY_NAME(.init_array.*))
 *(.init_array)
 .init_array    0x1000482c        0x4 C:/Users/iagoj/.pico-sdk/toolchain/13_3_Rel1/bin/../lib/gcc/arm-none-eabi/13.3.1/thumb/v6-m/nofp/crtbegin.o
 .init_array    0x10004830        0x4 CMakeFiles/teclado_matricial.dir/C_/Users/iagoj/.pico-sdk/sdk/2.1.0/src/rp2_common/pico_unique_id/unique_id.c.obj
                0x10004834                        PROVIDE (__init_array_end = .)
                0x10004834                        . = ALIGN (0x4)
                [!provide]                        PROVIDE (__fini_array_start = .)
 *(SORT_BY_NAME(.fini_array.*))
 *(.fini_array)
                [!provide]                        PROVIDE (__fini_array_end = .)
 *(.eh_frame*)
 .eh_frame      0x10004834        0x0 C:/Users/iagoj/.pico-sdk/toolchain/13_3_Rel1/bin/../lib/gcc/arm-none-eabi/13.3.1/thumb/v6-m/nofp/crtbegin.o
                0x10004834                        . = ALIGN (0x4)

.glue_7         0x10004834        0x0
 .glue_7        0x10004834        0x0 linker stubs

.glue_7t        0x10004834        0x0
 .glue_7t       0x10004834        0x0 linker stubs

.vfp11_veneer   0x10004834        0x0
 .vfp11_veneer  0x10004834        0x0 linker stubs

.v4_bx          0x10004834        0x0
 .v4_bx         0x10004834        0x0 linker stubs

.iplt           0x10004834        0x0
 .iplt          0x10004834        0x0 C:/Users/iagoj/.pico-sdk/toolchain/13_3_Rel1/bin/../lib/gcc/arm-none-eabi/13.3.1/thumb/v6-m/nofp/crtbegin.o

.rodata         0x10004834      0x4c8
 *(EXCLUDE_FILE(*libm.a: *libc.a:*lib_a-mem*.o *libgcc.a:) .rodata*)
 .rodata.main   0x10004834       0x88 CMakeFiles/teclado_matricial.dir/teclado_matricial.c.obj
 .rodata.panic.str1.4
                0x100048bc      0x17c CMakeFiles/teclado_matricial.dir/C_/Users/iagoj/.pico-sdk/sdk/2.1.0/src/rp2_common/pico_platform_panic/panic.c.obj
                                 0x12 (size before relaxing)
 .rodata.spin_lock_claim_unused.str1.4
                0x10004a38       0x1b CMakeFiles/teclado_matricial.dir/C_/Users/iagoj/.pico-sdk/sdk/2.1.0/src/rp2_common/hardware_sync/sync.c.obj
 .rodata.user_irq_claim_unused.str1.4
                0x10004a38       0x1b CMakeFiles/teclado_matricial.dir/C_/Users/iagoj/.pico-sdk/sdk/2.1.0/src/rp2_common/hardware_irq/irq.c.obj
 .rodata.timer_hardware_alarm_claim.str1.4
                0x10004a38       0x22 CMakeFiles/teclado_matricial.dir/C_/Users/iagoj/.pico-sdk/sdk/2.1.0/src/rp2_common/hardware_timer/timer.c.obj
 .rodata.hard_assertion_failure.str1.4
                0x10004a38        0xc CMakeFiles/teclado_matricial.dir/C_/Users/iagoj/.pico-sdk/sdk/2.1.0/src/rp2_common/pico_runtime/runtime.c.obj
 .rodata.missing_double_func_shim.str1.4
                0x10004a38       0x18 CMakeFiles/teclado_matricial.dir/C_/Users/iagoj/.pico-sdk/sdk/2.1.0/src/rp2_common/pico_double/double_init_rom_rp2040.c.obj
 .rodata.missing_float_func_shim.str1.4
                0x10004a38        0x1 CMakeFiles/teclado_matricial.dir/C_/Users/iagoj/.pico-sdk/sdk/2.1.0/src/rp2_common/pico_float/float_init_rom_rp2040.c.obj
 .rodata.str1.4
                0x10004a38       0x4c CMakeFiles/teclado_matricial.dir/C_/Users/iagoj/.pico-sdk/sdk/2.1.0/src/rp2_common/pico_standard_binary_info/standard_binary_info.c.obj
 .rodata.__bi_84
                0x10004a38        0xc CMakeFiles/teclado_matricial.dir/C_/Users/iagoj/.pico-sdk/sdk/2.1.0/src/rp2_common/pico_standard_binary_info/standard_binary_info.c.obj
 .rodata.__bi_78
                0x10004a44        0xc CMakeFiles/teclado_matricial.dir/C_/Users/iagoj/.pico-sdk/sdk/2.1.0/src/rp2_common/pico_standard_binary_info/standard_binary_info.c.obj
 .rodata.__bi_60
                0x10004a50        0xc CMakeFiles/teclado_matricial.dir/C_/Users/iagoj/.pico-sdk/sdk/2.1.0/src/rp2_common/pico_standard_binary_info/standard_binary_info.c.obj
 .rodata.__bi_54
                0x10004a5c        0xc CMakeFiles/teclado_matricial.dir/C_/Users/iagoj/.pico-sdk/sdk/2.1.0/src/rp2_common/pico_standard_binary_info/standard_binary_info.c.obj
 .rodata.__bi_48
                0x10004a68        0xc CMakeFiles/teclado_matricial.dir/C_/Users/iagoj/.pico-sdk/sdk/2.1.0/src/rp2_common/pico_standard_binary_info/standard_binary_info.c.obj
 .rodata.__bi_42
                0x10004a74        0xc CMakeFiles/teclado_matricial.dir/C_/Users/iagoj/.pico-sdk/sdk/2.1.0/src/rp2_common/pico_standard_binary_info/standard_binary_info.c.obj
 .rodata.__bi_34
                0x10004a80        0xc CMakeFiles/teclado_matricial.dir/C_/Users/iagoj/.pico-sdk/sdk/2.1.0/src/rp2_common/pico_standard_binary_info/standard_binary_info.c.obj
 .rodata.__bi_26
                0x10004a8c        0xc CMakeFiles/teclado_matricial.dir/C_/Users/iagoj/.pico-sdk/sdk/2.1.0/src/rp2_common/pico_standard_binary_info/standard_binary_info.c.obj
 .rodata.crlf_str.0
                0x10004a98        0x2 CMakeFiles/teclado_matricial.dir/C_/Users/iagoj/.pico-sdk/sdk/2.1.0/src/rp2_common/pico_stdio/stdio.c.obj
 *fill*         0x10004a9a        0x2 
 .rodata._resetd_driver
                0x10004a9c       0x20 CMakeFiles/teclado_matricial.dir/C_/Users/iagoj/.pico-sdk/sdk/2.1.0/src/rp2_common/pico_stdio_usb/reset_interface.c.obj
 .rodata.desc_ms_os_20
                0x10004abc       0xa6 CMakeFiles/teclado_matricial.dir/C_/Users/iagoj/.pico-sdk/sdk/2.1.0/src/rp2_common/pico_stdio_usb/reset_interface.c.obj
 *fill*         0x10004b62        0x2 
 .rodata.desc_bos
                0x10004b64       0x21 CMakeFiles/teclado_matricial.dir/C_/Users/iagoj/.pico-sdk/sdk/2.1.0/src/rp2_common/pico_stdio_usb/reset_interface.c.obj
                0x10004b64                desc_bos
 .rodata.str1.4
                0x10004b85       0x13 CMakeFiles/teclado_matricial.dir/C_/Users/iagoj/.pico-sdk/sdk/2.1.0/src/rp2_common/pico_stdio_usb/stdio_usb.c.obj
 *fill*         0x10004b85        0x3 
 .rodata.__bi_197.0
                0x10004b88        0xc CMakeFiles/teclado_matricial.dir/C_/Users/iagoj/.pico-sdk/sdk/2.1.0/src/rp2_common/pico_stdio_usb/stdio_usb.c.obj
 .rodata.str1.4
                0x10004b94       0x2a CMakeFiles/teclado_matricial.dir/C_/Users/iagoj/.pico-sdk/sdk/2.1.0/src/rp2_common/pico_stdio_usb/stdio_usb_descriptors.c.obj
 .rodata.usbd_desc_str
                0x10004b94       0x18 CMakeFiles/teclado_matricial.dir/C_/Users/iagoj/.pico-sdk/sdk/2.1.0/src/rp2_common/pico_stdio_usb/stdio_usb_descriptors.c.obj
 .rodata.usbd_desc_cfg
                0x10004bac       0x54 CMakeFiles/teclado_matricial.dir/C_/Users/iagoj/.pico-sdk/sdk/2.1.0/src/rp2_common/pico_stdio_usb/stdio_usb_descriptors.c.obj
 .rodata.usbd_desc_device
                0x10004c00       0x12 CMakeFiles/teclado_matricial.dir/C_/Users/iagoj/.pico-sdk/sdk/2.1.0/src/rp2_common/pico_stdio_usb/stdio_usb_descriptors.c.obj
 .rodata.str1.4
                0x10004c12       0x14 CMakeFiles/teclado_matricial.dir/C_/Users/iagoj/.pico-sdk/sdk/2.1.0/lib/tinyusb/src/portable/raspberrypi/rp2040/dcd_rp2040.c.obj
 .rodata.str1.4
                0x10004c12       0x48 CMakeFiles/teclado_matricial.dir/C_/Users/iagoj/.pico-sdk/sdk/2.1.0/lib/tinyusb/src/portable/raspberrypi/rp2040/rp2040_usb.c.obj
 *fill*         0x10004c12        0x2 
 .rodata.tud_task_ext
                0x10004c14       0x8c CMakeFiles/teclado_matricial.dir/C_/Users/iagoj/.pico-sdk/sdk/2.1.0/lib/tinyusb/src/device/usbd.c.obj
 .rodata        0x10004ca0       0x1c CMakeFiles/teclado_matricial.dir/C_/Users/iagoj/.pico-sdk/sdk/2.1.0/lib/tinyusb/src/device/usbd.c.obj
 .rodata._usbd_driver
                0x10004cbc       0x40 CMakeFiles/teclado_matricial.dir/C_/Users/iagoj/.pico-sdk/sdk/2.1.0/lib/tinyusb/src/device/usbd.c.obj
                0x10004cfc                        . = ALIGN (0x4)
 *(SORT_BY_ALIGNMENT(SORT_BY_NAME(.flashdata*)))
                0x10004cfc                        . = ALIGN (0x4)

.ARM.extab
 *(.ARM.extab* .gnu.linkonce.armextab.*)
                0x10004cfc                        __exidx_start = .

.ARM.exidx
 *(.ARM.exidx* .gnu.linkonce.armexidx.*)
                0x10004cfc                        __exidx_end = .
                0x10004cfc                        . = ALIGN (0x4)
                0x10004cfc                        __binary_info_start = .

.binary_info    0x10004cfc       0x24
 *(.binary_info.keep.*)
 .binary_info.keep.__bi_ptr84
                0x10004cfc        0x4 CMakeFiles/teclado_matricial.dir/C_/Users/iagoj/.pico-sdk/sdk/2.1.0/src/rp2_common/pico_standard_binary_info/standard_binary_info.c.obj
 .binary_info.keep.__bi_ptr78
                0x10004d00        0x4 CMakeFiles/teclado_matricial.dir/C_/Users/iagoj/.pico-sdk/sdk/2.1.0/src/rp2_common/pico_standard_binary_info/standard_binary_info.c.obj
 .binary_info.keep.__bi_ptr60
                0x10004d04        0x4 CMakeFiles/teclado_matricial.dir/C_/Users/iagoj/.pico-sdk/sdk/2.1.0/src/rp2_common/pico_standard_binary_info/standard_binary_info.c.obj
 .binary_info.keep.__bi_ptr54
                0x10004d08        0x4 CMakeFiles/teclado_matricial.dir/C_/Users/iagoj/.pico-sdk/sdk/2.1.0/src/rp2_common/pico_standard_binary_info/standard_binary_info.c.obj
 .binary_info.keep.__bi_ptr48
                0x10004d0c        0x4 CMakeFiles/teclado_matricial.dir/C_/Users/iagoj/.pico-sdk/sdk/2.1.0/src/rp2_common/pico_standard_binary_info/standard_binary_info.c.obj
 .binary_info.keep.__bi_ptr42
                0x10004d10        0x4 CMakeFiles/teclado_matricial.dir/C_/Users/iagoj/.pico-sdk/sdk/2.1.0/src/rp2_common/pico_standard_binary_info/standard_binary_info.c.obj
 .binary_info.keep.__bi_ptr34
                0x10004d14        0x4 CMakeFiles/teclado_matricial.dir/C_/Users/iagoj/.pico-sdk/sdk/2.1.0/src/rp2_common/pico_standard_binary_info/standard_binary_info.c.obj
 .binary_info.keep.__bi_ptr26
                0x10004d18        0x4 CMakeFiles/teclado_matricial.dir/C_/Users/iagoj/.pico-sdk/sdk/2.1.0/src/rp2_common/pico_standard_binary_info/standard_binary_info.c.obj
 *(.binary_info.*)
 .binary_info.__bi_ptr197
                0x10004d1c        0x4 CMakeFiles/teclado_matricial.dir/C_/Users/iagoj/.pico-sdk/sdk/2.1.0/src/rp2_common/pico_stdio_usb/stdio_usb.c.obj
                0x10004d20                        __binary_info_end = .

.rel.dyn        0x10004d20        0x0
 .rel.iplt      0x10004d20        0x0 C:/Users/iagoj/.pico-sdk/toolchain/13_3_Rel1/bin/../lib/gcc/arm-none-eabi/13.3.1/thumb/v6-m/nofp/crtbegin.o
                0x10004d20                        . = ALIGN (0x4)

.ram_vector_table
                0x20000000       0xc0
 *(.ram_vector_table)
 .ram_vector_table
                0x20000000       0xc0 CMakeFiles/teclado_matricial.dir/C_/Users/iagoj/.pico-sdk/sdk/2.1.0/src/rp2_common/pico_runtime_init/runtime_init.c.obj
                0x20000000                ram_vector_table

.uninitialized_data
                0x200000c0        0x0
                0x200000c0                        . = ALIGN (0x4)
 *(.uninitialized_data*)

.data           0x200000c0      0xfd0 load address 0x10004d20
                0x200000c0                        __data_start__ = .
 *(vtable)
 *(.time_critical*)
 .time_critical.mutex_try_enter
                0x200000c0       0x40 CMakeFiles/teclado_matricial.dir/C_/Users/iagoj/.pico-sdk/sdk/2.1.0/src/common/pico_sync/mutex.c.obj
                0x200000c0                mutex_try_enter
 .time_critical.mutex_try_enter_block_until
                0x20000100       0x9c CMakeFiles/teclado_matricial.dir/C_/Users/iagoj/.pico-sdk/sdk/2.1.0/src/common/pico_sync/mutex.c.obj
                0x20000100                mutex_try_enter_block_until
 .time_critical.mutex_enter_timeout_ms
                0x2000019c       0x90 CMakeFiles/teclado_matricial.dir/C_/Users/iagoj/.pico-sdk/sdk/2.1.0/src/common/pico_sync/mutex.c.obj
                0x2000019c                mutex_enter_timeout_ms
 .time_critical.mutex_exit
                0x2000022c       0x28 CMakeFiles/teclado_matricial.dir/C_/Users/iagoj/.pico-sdk/sdk/2.1.0/src/common/pico_sync/mutex.c.obj
                0x2000022c                mutex_exit
 .time_critical.flash_init_boot2_copyout
                0x20000254       0x30 CMakeFiles/teclado_matricial.dir/C_/Users/iagoj/.pico-sdk/sdk/2.1.0/src/rp2_common/hardware_flash/flash.c.obj
 .time_critical.flash_enable_xip_via_boot2
                0x20000284        0xc CMakeFiles/teclado_matricial.dir/C_/Users/iagoj/.pico-sdk/sdk/2.1.0/src/rp2_common/hardware_flash/flash.c.obj
 .time_critical.flash_cs_force
                0x20000290       0x38 CMakeFiles/teclado_matricial.dir/C_/Users/iagoj/.pico-sdk/sdk/2.1.0/src/rp2_common/hardware_flash/flash.c.obj
 .time_critical.flash_do_cmd
                0x200002c8       0xc0 CMakeFiles/teclado_matricial.dir/C_/Users/iagoj/.pico-sdk/sdk/2.1.0/src/rp2_common/hardware_flash/flash.c.obj
                0x200002c8                flash_do_cmd
 .time_critical.reset_non_control_endpoints
                0x20000388       0x68 CMakeFiles/teclado_matricial.dir/C_/Users/iagoj/.pico-sdk/sdk/2.1.0/lib/tinyusb/src/portable/raspberrypi/rp2040/dcd_rp2040.c.obj
 .time_critical.hw_handle_buff_status
                0x200003f0       0xb0 CMakeFiles/teclado_matricial.dir/C_/Users/iagoj/.pico-sdk/sdk/2.1.0/lib/tinyusb/src/portable/raspberrypi/rp2040/dcd_rp2040.c.obj
 .time_critical.dcd_rp2040_irq
                0x200004a0      0x578 CMakeFiles/teclado_matricial.dir/C_/Users/iagoj/.pico-sdk/sdk/2.1.0/lib/tinyusb/src/portable/raspberrypi/rp2040/dcd_rp2040.c.obj
 .time_critical.prepare_ep_buffer
                0x20000a18       0xe0 CMakeFiles/teclado_matricial.dir/C_/Users/iagoj/.pico-sdk/sdk/2.1.0/lib/tinyusb/src/portable/raspberrypi/rp2040/rp2040_usb.c.obj
 .time_critical.sync_ep_buffer
                0x20000af8       0xa8 CMakeFiles/teclado_matricial.dir/C_/Users/iagoj/.pico-sdk/sdk/2.1.0/lib/tinyusb/src/portable/raspberrypi/rp2040/rp2040_usb.c.obj
 .time_critical._hw_endpoint_xfer_sync
                0x20000ba0       0x28 CMakeFiles/teclado_matricial.dir/C_/Users/iagoj/.pico-sdk/sdk/2.1.0/lib/tinyusb/src/portable/raspberrypi/rp2040/rp2040_usb.c.obj
 .time_critical.e15_is_bulkin_ep
                0x20000bc8       0x28 CMakeFiles/teclado_matricial.dir/C_/Users/iagoj/.pico-sdk/sdk/2.1.0/lib/tinyusb/src/portable/raspberrypi/rp2040/rp2040_usb.c.obj
 .time_critical.e15_is_critical_frame_period
                0x20000bf0       0x34 CMakeFiles/teclado_matricial.dir/C_/Users/iagoj/.pico-sdk/sdk/2.1.0/lib/tinyusb/src/portable/raspberrypi/rp2040/rp2040_usb.c.obj
 .time_critical.hw_endpoint_reset_transfer
                0x20000c24        0xc CMakeFiles/teclado_matricial.dir/C_/Users/iagoj/.pico-sdk/sdk/2.1.0/lib/tinyusb/src/portable/raspberrypi/rp2040/rp2040_usb.c.obj
                0x20000c24                hw_endpoint_reset_transfer
 .time_critical._hw_endpoint_buffer_control_update32
                0x20000c30       0x50 CMakeFiles/teclado_matricial.dir/C_/Users/iagoj/.pico-sdk/sdk/2.1.0/lib/tinyusb/src/portable/raspberrypi/rp2040/rp2040_usb.c.obj
                0x20000c30                _hw_endpoint_buffer_control_update32
 .time_critical.hw_endpoint_start_next_buffer
                0x20000c80       0x6c CMakeFiles/teclado_matricial.dir/C_/Users/iagoj/.pico-sdk/sdk/2.1.0/lib/tinyusb/src/portable/raspberrypi/rp2040/rp2040_usb.c.obj
                0x20000c80                hw_endpoint_start_next_buffer
 .time_critical.hw_endpoint_xfer_continue
                0x20000cec       0x40 CMakeFiles/teclado_matricial.dir/C_/Users/iagoj/.pico-sdk/sdk/2.1.0/lib/tinyusb/src/portable/raspberrypi/rp2040/rp2040_usb.c.obj
                0x20000cec                hw_endpoint_xfer_continue
 .time_critical.tinyusb
                0x20000d2c      0x1e4 CMakeFiles/teclado_matricial.dir/C_/Users/iagoj/.pico-sdk/sdk/2.1.0/lib/tinyusb/src/device/usbd.c.obj
                0x20000d2c                dcd_event_handler
 *(.text*)
 .text          0x20000f10        0x4 C:/Users/iagoj/.pico-sdk/toolchain/13_3_Rel1/bin/../lib/gcc/arm-none-eabi/13.3.1/thumb/v6-m/nofp\libgcc.a(_dvmd_tls.o)
                0x20000f10                __aeabi_idiv0
                0x20000f10                __aeabi_ldiv0
 *fill*         0x20000f14        0x4 
 .text.__stub   0x20000f18       0x80 linker stubs
                0x20000f98                        . = ALIGN (0x4)
 *(.rodata*)
                0x20000f98                        . = ALIGN (0x4)
 *(.data*)
 .data.KEY_MAP  0x20000f98       0x10 CMakeFiles/teclado_matricial.dir/teclado_matricial.c.obj
                0x20000f98                KEY_MAP
 .data.rows     0x20000fa8       0x10 CMakeFiles/teclado_matricial.dir/teclado_matricial.c.obj
                0x20000fa8                rows
 .data.columns  0x20000fb8       0x10 CMakeFiles/teclado_matricial.dir/teclado_matricial.c.obj
                0x20000fb8                columns
 .data.striped_spin_lock_num
                0x20000fc8        0x1 CMakeFiles/teclado_matricial.dir/C_/Users/iagoj/.pico-sdk/sdk/2.1.0/src/rp2_common/hardware_sync/sync.c.obj
 *fill*         0x20000fc9        0x3 
 .data          0x20000fcc       0x48 CMakeFiles/teclado_matricial.dir/C_/Users/iagoj/.pico-sdk/sdk/2.1.0/src/rp2_common/hardware_irq/irq_handler_chain.S.obj
                0x20000fcc                irq_handler_chain_slots
                0x20000ffc                irq_handler_chain_first_slot
                0x20001006                irq_handler_chain_remove_tail
 .data.default_alarm_pool
                0x20001014       0x18 CMakeFiles/teclado_matricial.dir/C_/Users/iagoj/.pico-sdk/sdk/2.1.0/src/common/pico_time/time.c.obj
 *fill*         0x2000102c        0x4 
 .data.aeabi_bits_funcs
                0x20001030       0x10 CMakeFiles/teclado_matricial.dir/C_/Users/iagoj/.pico-sdk/sdk/2.1.0/src/rp2_common/pico_bit_ops/bit_ops_aeabi.S.obj
                0x20001030                aeabi_bits_funcs
                0x20001040                aeabi_bits_funcs_end
 .data.aeabi_mem_funcs
                0x20001040       0x10 CMakeFiles/teclado_matricial.dir/C_/Users/iagoj/.pico-sdk/sdk/2.1.0/src/rp2_common/pico_mem_ops/mem_ops_aeabi.S.obj
                0x20001040                aeabi_mem_funcs
                0x20001050                aeabi_mem_funcs_end
 .data.stdio_usb
                0x20001050       0x18 CMakeFiles/teclado_matricial.dir/C_/Users/iagoj/.pico-sdk/sdk/2.1.0/src/rp2_common/pico_stdio_usb/stdio_usb.c.obj
                0x20001050                stdio_usb
 .data._usbd_qdef
                0x20001068       0x1c CMakeFiles/teclado_matricial.dir/C_/Users/iagoj/.pico-sdk/sdk/2.1.0/lib/tinyusb/src/device/usbd.c.obj
                0x20001068                _usbd_qdef
 .data._usbd_rhport
                0x20001084        0x1 CMakeFiles/teclado_matricial.dir/C_/Users/iagoj/.pico-sdk/sdk/2.1.0/lib/tinyusb/src/device/usbd.c.obj
                0x20001088                        . = ALIGN (0x4)
 *fill*         0x20001085        0x3 
 *(.after_data.*)
                0x20001088                        . = ALIGN (0x4)
                0x20001088                        PROVIDE (__mutex_array_start = .)
 *(SORT_BY_NAME(.mutex_array.*))
 *(.mutex_array)
 .mutex_array   0x20001088        0x8 CMakeFiles/teclado_matricial.dir/C_/Users/iagoj/.pico-sdk/sdk/2.1.0/src/rp2_common/pico_stdio/stdio.c.obj
                0x20001090                        PROVIDE (__mutex_array_end = .)
                0x20001090                        . = ALIGN (0x4)
 *(.jcr)
                0x20001090                        . = ALIGN (0x4)

.tm_clone_table
                0x20001090        0x0 load address 0x10005cf0
 .tm_clone_table
                0x20001090        0x0 C:/Users/iagoj/.pico-sdk/toolchain/13_3_Rel1/bin/../lib/gcc/arm-none-eabi/13.3.1/thumb/v6-m/nofp/crtbegin.o
 .tm_clone_table
                0x20001090        0x0 C:/Users/iagoj/.pico-sdk/toolchain/13_3_Rel1/bin/../lib/gcc/arm-none-eabi/13.3.1/thumb/v6-m/nofp/crtend.o

.igot.plt       0x20001090        0x0 load address 0x10005cf0
 .igot.plt      0x20001090        0x0 C:/Users/iagoj/.pico-sdk/toolchain/13_3_Rel1/bin/../lib/gcc/arm-none-eabi/13.3.1/thumb/v6-m/nofp/crtbegin.o

.tdata          0x20001090        0x0 load address 0x10005cf0
                0x20001090                        . = ALIGN (0x4)
 *(.tdata .tdata.* .gnu.linkonce.td.*)
                0x20001090                        __tdata_end = .
                0x20001090                        PROVIDE (__data_end__ = .)
                0x10004d20                        __etext = LOADADDR (.data)

.tbss           0x20001090        0x0 load address 0x10005cf0
                0x20001090                        . = ALIGN (0x4)
                0x20001090                        __bss_start__ = .
                0x20001090                        __tls_base = .
 *(.tbss .tbss.* .gnu.linkonce.tb.*)
 *(.tcommon)
                0x20001090                        __tls_end = .

.bss            0x20001090     0x10bc load address 0x10005cf0
                0x20001090                        . = ALIGN (0x4)
                0x20001090                        __tbss_end = .
 *(SORT_BY_ALIGNMENT(SORT_BY_NAME(.bss*)))
 .bss.default_alarm_pool_entries
                0x20001090      0x180 CMakeFiles/teclado_matricial.dir/C_/Users/iagoj/.pico-sdk/sdk/2.1.0/src/common/pico_time/time.c.obj
 .bss.last_avail_time.1
                0x20001210        0x8 CMakeFiles/teclado_matricial.dir/C_/Users/iagoj/.pico-sdk/sdk/2.1.0/src/rp2_common/pico_stdio_usb/stdio_usb.c.obj
 .bss.sd_table  0x20001218      0x100 CMakeFiles/teclado_matricial.dir/C_/Users/iagoj/.pico-sdk/sdk/2.1.0/src/rp2_common/pico_double/double_init_rom_rp2040.c.obj
                0x20001218                sd_table
 .bss._app_driver
                0x20001318        0x4 CMakeFiles/teclado_matricial.dir/C_/Users/iagoj/.pico-sdk/sdk/2.1.0/lib/tinyusb/src/device/usbd.c.obj
 .bss._cdcd_fifo_cfg
                0x2000131c        0x1 CMakeFiles/teclado_matricial.dir/C_/Users/iagoj/.pico-sdk/sdk/2.1.0/lib/tinyusb/src/class/cdc/cdc_device.c.obj
 *fill*         0x2000131d        0x3 
 .bss._cdcd_itf
                0x20001320      0x2c8 CMakeFiles/teclado_matricial.dir/C_/Users/iagoj/.pico-sdk/sdk/2.1.0/lib/tinyusb/src/class/cdc/cdc_device.c.obj
 .bss._columns  0x200015e8       0x10 CMakeFiles/teclado_matricial.dir/teclado_matricial.c.obj
                0x200015e8                _columns
 .bss._ctrl_xfer
                0x200015f8       0x14 CMakeFiles/teclado_matricial.dir/C_/Users/iagoj/.pico-sdk/sdk/2.1.0/lib/tinyusb/src/device/usbd_control.c.obj
 .bss._matrix_values
                0x2000160c       0x10 CMakeFiles/teclado_matricial.dir/teclado_matricial.c.obj
                0x2000160c                _matrix_values
 .bss._rows     0x2000161c       0x10 CMakeFiles/teclado_matricial.dir/teclado_matricial.c.obj
                0x2000161c                _rows
 .bss._ubsd_mutexdef
                0x2000162c        0x8 CMakeFiles/teclado_matricial.dir/C_/Users/iagoj/.pico-sdk/sdk/2.1.0/lib/tinyusb/src/device/usbd.c.obj
 .bss._usbd_ctrl_buf
                0x20001634       0x40 CMakeFiles/teclado_matricial.dir/C_/Users/iagoj/.pico-sdk/sdk/2.1.0/lib/tinyusb/src/device/usbd_control.c.obj
 .bss._usbd_dev
                0x20001674       0x54 CMakeFiles/teclado_matricial.dir/C_/Users/iagoj/.pico-sdk/sdk/2.1.0/lib/tinyusb/src/device/usbd.c.obj
 .bss._usbd_mutex
                0x200016c8        0x4 CMakeFiles/teclado_matricial.dir/C_/Users/iagoj/.pico-sdk/sdk/2.1.0/lib/tinyusb/src/device/usbd.c.obj
 .bss._usbd_q   0x200016cc        0x4 CMakeFiles/teclado_matricial.dir/C_/Users/iagoj/.pico-sdk/sdk/2.1.0/lib/tinyusb/src/device/usbd.c.obj
 .bss._usbd_qdef_buf
                0x200016d0       0xc0 CMakeFiles/teclado_matricial.dir/C_/Users/iagoj/.pico-sdk/sdk/2.1.0/lib/tinyusb/src/device/usbd.c.obj
                0x200016d0                _usbd_qdef_buf
 .bss._vendord_itf
                0x20001790      0x2cc CMakeFiles/teclado_matricial.dir/C_/Users/iagoj/.pico-sdk/sdk/2.1.0/lib/tinyusb/src/class/vendor/vendor_device.c.obj
 .bss.all_columns_mask
                0x20001a5c        0x4 CMakeFiles/teclado_matricial.dir/teclado_matricial.c.obj
                0x20001a5c                all_columns_mask
 .bss.boot2_copyout
                0x20001a60      0x100 CMakeFiles/teclado_matricial.dir/C_/Users/iagoj/.pico-sdk/sdk/2.1.0/src/rp2_common/hardware_flash/flash.c.obj
 .bss.chars_available_callback
                0x20001b60        0x4 CMakeFiles/teclado_matricial.dir/C_/Users/iagoj/.pico-sdk/sdk/2.1.0/src/rp2_common/pico_stdio_usb/stdio_usb.c.obj
 .bss.chars_available_param
                0x20001b64        0x4 CMakeFiles/teclado_matricial.dir/C_/Users/iagoj/.pico-sdk/sdk/2.1.0/src/rp2_common/pico_stdio_usb/stdio_usb.c.obj
 .bss.claimed   0x20001b68        0x4 CMakeFiles/teclado_matricial.dir/C_/Users/iagoj/.pico-sdk/sdk/2.1.0/src/rp2_common/hardware_sync/sync.c.obj
 .bss.claimed   0x20001b6c        0x1 CMakeFiles/teclado_matricial.dir/C_/Users/iagoj/.pico-sdk/sdk/2.1.0/src/rp2_common/hardware_timer/timer.c.obj
 *fill*         0x20001b6d        0x3 
 .bss.column_mask
                0x20001b70       0x10 CMakeFiles/teclado_matricial.dir/teclado_matricial.c.obj
                0x20001b70                column_mask
 .bss.configured_freq
                0x20001b80       0x28 CMakeFiles/teclado_matricial.dir/C_/Users/iagoj/.pico-sdk/sdk/2.1.0/src/rp2_common/hardware_clocks/clocks.c.obj
 .bss.desc_str.0
                0x20001ba8       0x28 CMakeFiles/teclado_matricial.dir/C_/Users/iagoj/.pico-sdk/sdk/2.1.0/src/rp2_common/pico_stdio_usb/stdio_usb_descriptors.c.obj
 .bss.drivers   0x20001bd0        0x4 CMakeFiles/teclado_matricial.dir/C_/Users/iagoj/.pico-sdk/sdk/2.1.0/src/rp2_common/pico_stdio/stdio.c.obj
 .bss.e15_last_sof
                0x20001bd4        0x4 CMakeFiles/teclado_matricial.dir/C_/Users/iagoj/.pico-sdk/sdk/2.1.0/lib/tinyusb/src/portable/raspberrypi/rp2040/rp2040_usb.c.obj
                0x20001bd4                e15_last_sof
 .bss.filter    0x20001bd8        0x4 CMakeFiles/teclado_matricial.dir/C_/Users/iagoj/.pico-sdk/sdk/2.1.0/src/rp2_common/pico_stdio/stdio.c.obj
 .bss.hw_endpoints
                0x20001bdc      0x400 CMakeFiles/teclado_matricial.dir/C_/Users/iagoj/.pico-sdk/sdk/2.1.0/lib/tinyusb/src/portable/raspberrypi/rp2040/dcd_rp2040.c.obj
 .bss.lazy_vsnprintf
                0x20001fdc        0x4 CMakeFiles/teclado_matricial.dir/C_/Users/iagoj/.pico-sdk/sdk/2.1.0/src/rp2_common/pico_printf/printf.c.obj
 .bss.load_value
                0x20001fe0        0x4 CMakeFiles/teclado_matricial.dir/C_/Users/iagoj/.pico-sdk/sdk/2.1.0/src/rp2_common/hardware_watchdog/watchdog.c.obj
 .bss.next_buffer_ptr
                0x20001fe4        0x4 CMakeFiles/teclado_matricial.dir/C_/Users/iagoj/.pico-sdk/sdk/2.1.0/lib/tinyusb/src/portable/raspberrypi/rp2040/dcd_rp2040.c.obj
 .bss.object.0  0x20001fe8       0x18 C:/Users/iagoj/.pico-sdk/toolchain/13_3_Rel1/bin/../lib/gcc/arm-none-eabi/13.3.1/thumb/v6-m/nofp/crtbegin.o
 .bss.one_shot_timer_crit_sec
                0x20002000        0x8 CMakeFiles/teclado_matricial.dir/C_/Users/iagoj/.pico-sdk/sdk/2.1.0/src/rp2_common/pico_stdio_usb/stdio_usb.c.obj
 .bss.pools     0x20002008       0x10 CMakeFiles/teclado_matricial.dir/C_/Users/iagoj/.pico-sdk/sdk/2.1.0/src/common/pico_time/time.c.obj
 .bss.retrieved_id
                0x20002018        0x8 CMakeFiles/teclado_matricial.dir/C_/Users/iagoj/.pico-sdk/sdk/2.1.0/src/rp2_common/pico_unique_id/unique_id.c.obj
 .bss.sf_clz_func
                0x20002020        0x4 CMakeFiles/teclado_matricial.dir/C_/Users/iagoj/.pico-sdk/sdk/2.1.0/src/rp2_common/pico_double/double_init_rom_rp2040.c.obj
                0x20002020                sf_clz_func
 .bss.sf_table  0x20002024      0x100 CMakeFiles/teclado_matricial.dir/C_/Users/iagoj/.pico-sdk/sdk/2.1.0/src/rp2_common/pico_float/float_init_rom_rp2040.c.obj
                0x20002024                sf_table
 .bss.sleep_notifier
                0x20002124        0x4 CMakeFiles/teclado_matricial.dir/C_/Users/iagoj/.pico-sdk/sdk/2.1.0/src/common/pico_time/time.c.obj
 .bss.stdio_usb_mutex
                0x20002128        0x8 CMakeFiles/teclado_matricial.dir/C_/Users/iagoj/.pico-sdk/sdk/2.1.0/src/rp2_common/pico_stdio_usb/stdio_usb.c.obj
 .bss.usbd_serial_str
                0x20002130       0x11 CMakeFiles/teclado_matricial.dir/C_/Users/iagoj/.pico-sdk/sdk/2.1.0/src/rp2_common/pico_stdio_usb/stdio_usb_descriptors.c.obj
 .bss._app_driver_count
                0x20002141        0x1 CMakeFiles/teclado_matricial.dir/C_/Users/iagoj/.pico-sdk/sdk/2.1.0/lib/tinyusb/src/device/usbd.c.obj
 .bss._sof_enable
                0x20002142        0x1 CMakeFiles/teclado_matricial.dir/C_/Users/iagoj/.pico-sdk/sdk/2.1.0/lib/tinyusb/src/portable/raspberrypi/rp2040/dcd_rp2040.c.obj
 .bss._usbd_queued_setup
                0x20002143        0x1 CMakeFiles/teclado_matricial.dir/C_/Users/iagoj/.pico-sdk/sdk/2.1.0/lib/tinyusb/src/device/usbd.c.obj
 .bss.boot2_copyout_valid
                0x20002144        0x1 CMakeFiles/teclado_matricial.dir/C_/Users/iagoj/.pico-sdk/sdk/2.1.0/src/rp2_common/hardware_flash/flash.c.obj
 .bss.irq_handler_chain_free_slot_head
                0x20002145        0x1 CMakeFiles/teclado_matricial.dir/C_/Users/iagoj/.pico-sdk/sdk/2.1.0/src/rp2_common/hardware_irq/irq.c.obj
 .bss.itf_num   0x20002146        0x1 CMakeFiles/teclado_matricial.dir/C_/Users/iagoj/.pico-sdk/sdk/2.1.0/src/rp2_common/pico_stdio_usb/reset_interface.c.obj
 .bss.low_priority_irq_num
                0x20002147        0x1 CMakeFiles/teclado_matricial.dir/C_/Users/iagoj/.pico-sdk/sdk/2.1.0/src/rp2_common/pico_stdio_usb/stdio_usb.c.obj
 .bss.one_shot_timer_pending
                0x20002148        0x1 CMakeFiles/teclado_matricial.dir/C_/Users/iagoj/.pico-sdk/sdk/2.1.0/src/rp2_common/pico_stdio_usb/stdio_usb.c.obj
 .bss.user_irq_claimed
                0x20002149        0x1 CMakeFiles/teclado_matricial.dir/C_/Users/iagoj/.pico-sdk/sdk/2.1.0/src/rp2_common/hardware_irq/irq.c.obj
 *(COMMON)
                0x2000214c                        . = ALIGN (0x4)
 *fill*         0x2000214a        0x2 
                0x2000214c                        __bss_end__ = .

.heap           0x2000214c      0x800 load address 0x10005cf0
                0x2000214c                        __end__ = .
                0x2000214c                        end = __end__
 *(.heap*)
 .heap          0x2000214c      0x800 CMakeFiles/teclado_matricial.dir/C_/Users/iagoj/.pico-sdk/sdk/2.1.0/src/rp2_common/pico_crt0/crt0.S.obj
                0x20040000                        __HeapLimit = (ORIGIN (RAM) + LENGTH (RAM))

.scratch_x      0x20040000        0x0 load address 0x10005cf0
                0x20040000                        __scratch_x_start__ = .
 *(.scratch_x.*)
                0x20040000                        . = ALIGN (0x4)
                0x20040000                        __scratch_x_end__ = .
                0x10005cf0                        __scratch_x_source__ = LOADADDR (.scratch_x)

.scratch_y      0x20041000        0x0 load address 0x10005cf0
                0x20041000                        __scratch_y_start__ = .
 *(.scratch_y.*)
                0x20041000                        . = ALIGN (0x4)
                0x20041000                        __scratch_y_end__ = .
                0x10005cf0                        __scratch_y_source__ = LOADADDR (.scratch_y)

.stack1_dummy
 *(.stack1*)

.stack_dummy    0x20041000      0x800
 *(.stack*)
 .stack         0x20041000      0x800 CMakeFiles/teclado_matricial.dir/C_/Users/iagoj/.pico-sdk/sdk/2.1.0/src/rp2_common/pico_crt0/crt0.S.obj

.flash_end      0x10005cf0        0x0
 *(.embedded_end_block*)
                0x10005cf0                        PROVIDE (__flash_binary_end = .)
                0x20040000                        __StackLimit = (ORIGIN (RAM) + LENGTH (RAM))
                0x20041000                        __StackOneTop = (ORIGIN (SCRATCH_X) + LENGTH (SCRATCH_X))
                0x20042000                        __StackTop = (ORIGIN (SCRATCH_Y) + LENGTH (SCRATCH_Y))
                0x20041000                        __StackOneBottom = (__StackOneTop - SIZEOF (.stack1_dummy))
                0x20041800                        __StackBottom = (__StackTop - SIZEOF (.stack_dummy))
                0x20042000                        PROVIDE (__stack = __StackTop)
                [!provide]                        PROVIDE (__heap_start = __end__)
                [!provide]                        PROVIDE (__heap_end = __HeapLimit)
                [!provide]                        PROVIDE (__tls_align = MAX (ALIGNOF (.tdata), ALIGNOF (.tbss)))
                [!provide]                        PROVIDE (__tls_size_align = (((__tls_size + __tls_align) - 0x1) & ~ ((__tls_align - 0x1))))
                [!provide]                        PROVIDE (__arm32_tls_tcb_offset = MAX (0x8, __tls_align))
                [!provide]                        PROVIDE (_end = __end__)
                [!provide]                        PROVIDE (__llvm_libc_heap_limit = __HeapLimit)
                0x00000001                        ASSERT ((__StackLimit >= __HeapLimit), region RAM overflowed)
                0x00000001                        ASSERT (((__binary_info_header_end - __logical_binary_start) <= 0x100), Binary info must be in first 256 bytes of the binary)
LOAD CMakeFiles/teclado_matricial.dir/teclado_matricial.c.obj
LOAD CMakeFiles/teclado_matricial.dir/C_/Users/iagoj/.pico-sdk/sdk/2.1.0/src/rp2_common/pico_stdlib/stdlib.c.obj
LOAD CMakeFiles/teclado_matricial.dir/C_/Users/iagoj/.pico-sdk/sdk/2.1.0/src/rp2_common/hardware_gpio/gpio.c.obj
LOAD CMakeFiles/teclado_matricial.dir/C_/Users/iagoj/.pico-sdk/sdk/2.1.0/src/rp2040/pico_platform/platform.c.obj
LOAD CMakeFiles/teclado_matricial.dir/C_/Users/iagoj/.pico-sdk/sdk/2.1.0/src/rp2_common/pico_platform_panic/panic.c.obj
LOAD CMakeFiles/teclado_matricial.dir/C_/Users/iagoj/.pico-sdk/sdk/2.1.0/src/common/hardware_claim/claim.c.obj
LOAD CMakeFiles/teclado_matricial.dir/C_/Users/iagoj/.pico-sdk/sdk/2.1.0/src/rp2_common/hardware_sync/sync.c.obj
LOAD CMakeFiles/teclado_matricial.dir/C_/Users/iagoj/.pico-sdk/sdk/2.1.0/src/rp2_common/hardware_sync_spin_lock/sync_spin_lock.c.obj
LOAD CMakeFiles/teclado_matricial.dir/C_/Users/iagoj/.pico-sdk/sdk/2.1.0/src/rp2_common/hardware_irq/irq.c.obj
LOAD CMakeFiles/teclado_matricial.dir/C_/Users/iagoj/.pico-sdk/sdk/2.1.0/src/rp2_common/hardware_irq/irq_handler_chain.S.obj
LOAD CMakeFiles/teclado_matricial.dir/C_/Users/iagoj/.pico-sdk/sdk/2.1.0/src/common/pico_sync/sem.c.obj
LOAD CMakeFiles/teclado_matricial.dir/C_/Users/iagoj/.pico-sdk/sdk/2.1.0/src/common/pico_sync/lock_core.c.obj
LOAD CMakeFiles/teclado_matricial.dir/C_/Users/iagoj/.pico-sdk/sdk/2.1.0/src/common/pico_sync/mutex.c.obj
LOAD CMakeFiles/teclado_matricial.dir/C_/Users/iagoj/.pico-sdk/sdk/2.1.0/src/common/pico_sync/critical_section.c.obj
LOAD CMakeFiles/teclado_matricial.dir/C_/Users/iagoj/.pico-sdk/sdk/2.1.0/src/common/pico_time/time.c.obj
LOAD CMakeFiles/teclado_matricial.dir/C_/Users/iagoj/.pico-sdk/sdk/2.1.0/src/common/pico_time/timeout_helper.c.obj
LOAD CMakeFiles/teclado_matricial.dir/C_/Users/iagoj/.pico-sdk/sdk/2.1.0/src/rp2_common/hardware_timer/timer.c.obj
LOAD CMakeFiles/teclado_matricial.dir/C_/Users/iagoj/.pico-sdk/sdk/2.1.0/src/common/pico_util/datetime.c.obj
LOAD CMakeFiles/teclado_matricial.dir/C_/Users/iagoj/.pico-sdk/sdk/2.1.0/src/common/pico_util/pheap.c.obj
LOAD CMakeFiles/teclado_matricial.dir/C_/Users/iagoj/.pico-sdk/sdk/2.1.0/src/common/pico_util/queue.c.obj
LOAD CMakeFiles/teclado_matricial.dir/C_/Users/iagoj/.pico-sdk/sdk/2.1.0/src/rp2_common/hardware_uart/uart.c.obj
LOAD CMakeFiles/teclado_matricial.dir/C_/Users/iagoj/.pico-sdk/sdk/2.1.0/src/rp2_common/hardware_clocks/clocks.c.obj
LOAD CMakeFiles/teclado_matricial.dir/C_/Users/iagoj/.pico-sdk/sdk/2.1.0/src/rp2_common/hardware_pll/pll.c.obj
LOAD CMakeFiles/teclado_matricial.dir/C_/Users/iagoj/.pico-sdk/sdk/2.1.0/src/rp2_common/hardware_vreg/vreg.c.obj
LOAD CMakeFiles/teclado_matricial.dir/C_/Users/iagoj/.pico-sdk/sdk/2.1.0/src/rp2_common/hardware_watchdog/watchdog.c.obj
LOAD CMakeFiles/teclado_matricial.dir/C_/Users/iagoj/.pico-sdk/sdk/2.1.0/src/rp2_common/hardware_ticks/ticks.c.obj
LOAD CMakeFiles/teclado_matricial.dir/C_/Users/iagoj/.pico-sdk/sdk/2.1.0/src/rp2_common/pico_bootrom/bootrom.c.obj
LOAD CMakeFiles/teclado_matricial.dir/C_/Users/iagoj/.pico-sdk/sdk/2.1.0/src/rp2_common/pico_bootrom/bootrom_lock.c.obj
LOAD CMakeFiles/teclado_matricial.dir/C_/Users/iagoj/.pico-sdk/sdk/2.1.0/src/rp2_common/hardware_boot_lock/boot_lock.c.obj
LOAD CMakeFiles/teclado_matricial.dir/C_/Users/iagoj/.pico-sdk/sdk/2.1.0/src/rp2_common/pico_flash/flash.c.obj
LOAD CMakeFiles/teclado_matricial.dir/C_/Users/iagoj/.pico-sdk/sdk/2.1.0/src/rp2_common/hardware_xosc/xosc.c.obj
LOAD CMakeFiles/teclado_matricial.dir/C_/Users/iagoj/.pico-sdk/sdk/2.1.0/src/rp2_common/hardware_divider/divider.S.obj
LOAD CMakeFiles/teclado_matricial.dir/C_/Users/iagoj/.pico-sdk/sdk/2.1.0/src/rp2_common/pico_runtime/runtime.c.obj
LOAD CMakeFiles/teclado_matricial.dir/C_/Users/iagoj/.pico-sdk/sdk/2.1.0/src/rp2_common/pico_runtime_init/runtime_init.c.obj
LOAD CMakeFiles/teclado_matricial.dir/C_/Users/iagoj/.pico-sdk/sdk/2.1.0/src/rp2_common/pico_runtime_init/runtime_init_clocks.c.obj
LOAD CMakeFiles/teclado_matricial.dir/C_/Users/iagoj/.pico-sdk/sdk/2.1.0/src/rp2_common/pico_runtime_init/runtime_init_stack_guard.c.obj
LOAD CMakeFiles/teclado_matricial.dir/C_/Users/iagoj/.pico-sdk/sdk/2.1.0/src/rp2_common/pico_bit_ops/bit_ops_aeabi.S.obj
LOAD CMakeFiles/teclado_matricial.dir/C_/Users/iagoj/.pico-sdk/sdk/2.1.0/src/rp2_common/pico_divider/divider_hardware.S.obj
LOAD CMakeFiles/teclado_matricial.dir/C_/Users/iagoj/.pico-sdk/sdk/2.1.0/src/rp2_common/pico_double/double_aeabi_rp2040.S.obj
LOAD CMakeFiles/teclado_matricial.dir/C_/Users/iagoj/.pico-sdk/sdk/2.1.0/src/rp2_common/pico_double/double_init_rom_rp2040.c.obj
LOAD CMakeFiles/teclado_matricial.dir/C_/Users/iagoj/.pico-sdk/sdk/2.1.0/src/rp2_common/pico_double/double_math.c.obj
LOAD CMakeFiles/teclado_matricial.dir/C_/Users/iagoj/.pico-sdk/sdk/2.1.0/src/rp2_common/pico_double/double_v1_rom_shim_rp2040.S.obj
LOAD CMakeFiles/teclado_matricial.dir/C_/Users/iagoj/.pico-sdk/sdk/2.1.0/src/rp2_common/pico_int64_ops/pico_int64_ops_aeabi.S.obj
LOAD CMakeFiles/teclado_matricial.dir/C_/Users/iagoj/.pico-sdk/sdk/2.1.0/src/rp2_common/pico_float/float_aeabi_rp2040.S.obj
LOAD CMakeFiles/teclado_matricial.dir/C_/Users/iagoj/.pico-sdk/sdk/2.1.0/src/rp2_common/pico_float/float_init_rom_rp2040.c.obj
LOAD CMakeFiles/teclado_matricial.dir/C_/Users/iagoj/.pico-sdk/sdk/2.1.0/src/rp2_common/pico_float/float_math.c.obj
LOAD CMakeFiles/teclado_matricial.dir/C_/Users/iagoj/.pico-sdk/sdk/2.1.0/src/rp2_common/pico_float/float_v1_rom_shim_rp2040.S.obj
LOAD CMakeFiles/teclado_matricial.dir/C_/Users/iagoj/.pico-sdk/sdk/2.1.0/src/rp2_common/pico_malloc/malloc.c.obj
LOAD CMakeFiles/teclado_matricial.dir/C_/Users/iagoj/.pico-sdk/sdk/2.1.0/src/rp2_common/pico_mem_ops/mem_ops_aeabi.S.obj
LOAD CMakeFiles/teclado_matricial.dir/C_/Users/iagoj/.pico-sdk/sdk/2.1.0/src/rp2_common/pico_atomic/atomic.c.obj
LOAD CMakeFiles/teclado_matricial.dir/C_/Users/iagoj/.pico-sdk/sdk/2.1.0/src/rp2_common/pico_cxx_options/new_delete.cpp.obj
LOAD CMakeFiles/teclado_matricial.dir/C_/Users/iagoj/.pico-sdk/sdk/2.1.0/src/rp2_common/pico_standard_binary_info/standard_binary_info.c.obj
LOAD CMakeFiles/teclado_matricial.dir/C_/Users/iagoj/.pico-sdk/sdk/2.1.0/src/rp2_common/pico_printf/printf.c.obj
LOAD CMakeFiles/teclado_matricial.dir/C_/Users/iagoj/.pico-sdk/sdk/2.1.0/src/rp2_common/pico_crt0/crt0.S.obj
LOAD CMakeFiles/teclado_matricial.dir/C_/Users/iagoj/.pico-sdk/sdk/2.1.0/src/rp2_common/pico_clib_interface/newlib_interface.c.obj
LOAD CMakeFiles/teclado_matricial.dir/C_/Users/iagoj/.pico-sdk/sdk/2.1.0/src/rp2_common/pico_stdio/stdio.c.obj
LOAD CMakeFiles/teclado_matricial.dir/C_/Users/iagoj/.pico-sdk/sdk/2.1.0/src/rp2_common/pico_stdio_usb/reset_interface.c.obj
LOAD CMakeFiles/teclado_matricial.dir/C_/Users/iagoj/.pico-sdk/sdk/2.1.0/src/rp2_common/pico_stdio_usb/stdio_usb.c.obj
LOAD CMakeFiles/teclado_matricial.dir/C_/Users/iagoj/.pico-sdk/sdk/2.1.0/src/rp2_common/pico_stdio_usb/stdio_usb_descriptors.c.obj
LOAD CMakeFiles/teclado_matricial.dir/C_/Users/iagoj/.pico-sdk/sdk/2.1.0/src/rp2_common/pico_unique_id/unique_id.c.obj
LOAD CMakeFiles/teclado_matricial.dir/C_/Users/iagoj/.pico-sdk/sdk/2.1.0/src/rp2_common/hardware_flash/flash.c.obj
LOAD CMakeFiles/teclado_matricial.dir/C_/Users/iagoj/.pico-sdk/sdk/2.1.0/src/rp2_common/hardware_xip_cache/xip_cache.c.obj
LOAD CMakeFiles/teclado_matricial.dir/C_/Users/iagoj/.pico-sdk/sdk/2.1.0/lib/tinyusb/src/portable/raspberrypi/rp2040/dcd_rp2040.c.obj
LOAD CMakeFiles/teclado_matricial.dir/C_/Users/iagoj/.pico-sdk/sdk/2.1.0/lib/tinyusb/src/portable/raspberrypi/rp2040/rp2040_usb.c.obj
LOAD CMakeFiles/teclado_matricial.dir/C_/Users/iagoj/.pico-sdk/sdk/2.1.0/lib/tinyusb/src/device/usbd.c.obj
LOAD CMakeFiles/teclado_matricial.dir/C_/Users/iagoj/.pico-sdk/sdk/2.1.0/lib/tinyusb/src/device/usbd_control.c.obj
LOAD CMakeFiles/teclado_matricial.dir/C_/Users/iagoj/.pico-sdk/sdk/2.1.0/lib/tinyusb/src/class/audio/audio_device.c.obj
LOAD CMakeFiles/teclado_matricial.dir/C_/Users/iagoj/.pico-sdk/sdk/2.1.0/lib/tinyusb/src/class/cdc/cdc_device.c.obj
LOAD CMakeFiles/teclado_matricial.dir/C_/Users/iagoj/.pico-sdk/sdk/2.1.0/lib/tinyusb/src/class/dfu/dfu_device.c.obj
LOAD CMakeFiles/teclado_matricial.dir/C_/Users/iagoj/.pico-sdk/sdk/2.1.0/lib/tinyusb/src/class/dfu/dfu_rt_device.c.obj
LOAD CMakeFiles/teclado_matricial.dir/C_/Users/iagoj/.pico-sdk/sdk/2.1.0/lib/tinyusb/src/class/hid/hid_device.c.obj
LOAD CMakeFiles/teclado_matricial.dir/C_/Users/iagoj/.pico-sdk/sdk/2.1.0/lib/tinyusb/src/class/midi/midi_device.c.obj
LOAD CMakeFiles/teclado_matricial.dir/C_/Users/iagoj/.pico-sdk/sdk/2.1.0/lib/tinyusb/src/class/msc/msc_device.c.obj
LOAD CMakeFiles/teclado_matricial.dir/C_/Users/iagoj/.pico-sdk/sdk/2.1.0/lib/tinyusb/src/class/net/ecm_rndis_device.c.obj
LOAD CMakeFiles/teclado_matricial.dir/C_/Users/iagoj/.pico-sdk/sdk/2.1.0/lib/tinyusb/src/class/net/ncm_device.c.obj
LOAD CMakeFiles/teclado_matricial.dir/C_/Users/iagoj/.pico-sdk/sdk/2.1.0/lib/tinyusb/src/class/usbtmc/usbtmc_device.c.obj